// Jest Snapshot v1, https://goo.gl/fbAQLP

exports[`Chain of predictions should correctly predict transactions of axa 1`] = `
Array [
  "✅ -4.68€ - <<PHIE DES CHENES>> is properly predicted as healthExpenses by BI",
  "⚠️ -2.65€ - <<SURESNES VOIRIE>> was uncategorized and was predicted as uncategorized by BI",
  "⚠️ -12.4€ - <<SC-SPRIET TRAIT>> was uncategorized and was predicted as uncategorized by BI",
  "✅ -175.91€ - <<ZARA 9192>> is properly predicted as dressing by BI",
  "⚠️ -12.4€ - <<SC-SPRIET TRAIT>> was uncategorized and was predicted as uncategorized by BI",
  "⚠️ -16.11€ - <<SC-SPRIET TRAIT>> was uncategorized and was predicted as uncategorized by BI",
  "⚠️ -20€ - <<HAGD CHAMPS ELY>> was uncategorized and was predicted as uncategorized by BI",
  "✅ -75.2€ - <<RATP>> is properly predicted as publicTransportation by BI",
  "✅ -8.98€ - <<ITUNES.COM/BILL EUR0000000898>> is properly predicted as booksMoviesMusic by BI",
  "✅ -57€ - <<PISCINE TPE>> is properly predicted as activityFees by BI",
  "⚠️ -19.99€ - <<AVENTURE VANOISE>> was uncategorized and was predicted as uncategorized by BI",
  "✅ -0.64€ - <<F-FRAIS CB ETRANGER 31/12 Migr>> is properly predicted as bankFees by BI",
  "✅ -409€ - <<SAP CHAMPAGNY>> is properly predicted as publicTransportation by BI",
  "⚠️ -31.85€ - <<Migros MS (March CHF0000003580>> was uncategorized and was predicted as uncategorized by BI",
  "✅ -9.99€ - <<WP KOBOECOM>> is properly predicted as booksMoviesMusic by BI",
  "✅ -14.9€ - <<IYO>> is properly predicted as homeAndRealEstate by BI",
  "✅ -8.4€ - <<HOPITAL FOCH>> is properly predicted as health by BI",
  "✅ -18.09€ - <<SC.FROMAGERIE R>> is properly predicted as dailyLife by BI",
  "✅ -22€ - <<REST.FAUX FILET>> is properly predicted as restaurantsAndBars by BI",
  "✅ -9.5€ - <<PCIE DU CENTRE>> is properly predicted as healthExpenses by BI",
  "✅ -23.19€ - <<L AMANDIER>> is properly predicted as restaurantsAndBars by BI",
  "✅ -38€ - <<DR WONGECZOWSKI>> is properly predicted as healthExpenses by BI",
  "⚠️ -12€ - <<NESTOR EUR0000001200>> was uncategorized and was predicted as uncategorized by BI",
  "⚠️ -9.25€ - <<CHEN GOURMET>> was uncategorized and was predicted as uncategorized by BI",
  "✅ -50€ - <<MICROMANIA-DE>> is properly predicted as booksMoviesMusic by BI",
  "✅ -15.9€ - <<GOURMET HAUSSMA>> is properly predicted as restaurantsAndBars by BI",
  "✅ -10€ - <<GOURMET HAUSSMA>> is properly predicted as restaurantsAndBars by BI",
  "⚠️ -12€ - <<NESTOR EUR0000001200>> was uncategorized and was predicted as uncategorized by BI",
  "⚠️ -24€ - <<NESTOR EUR0000002400>> was uncategorized and was predicted as uncategorized by BI",
  "✅ -13.3€ - <<UBER>> is properly predicted as taxi by BI",
  "✅ -1.4€ - <<INDIGO 921106>> is properly predicted as electronicsAndMultimedia by BI",
  "✅ -9.99€ - <<WP KOBOECOM>> is properly predicted as booksMoviesMusic by BI",
  "⚠️ -17.4€ - <<FRICHTI EUR0000001740>> was uncategorized and was predicted as uncategorized by BI",
  "✅ -75.2€ - <<L'ESPACE CAFE>> is properly predicted as restaurantsAndBars by BI",
  "⚠️ -65€ - <<BELLOT TATIANA>> was uncategorized and was predicted as uncategorized by BI",
  "⚠️ -9.5€ - <<NESTOR EUR0000000950>> was uncategorized and was predicted as uncategorized by BI",
  "✅ -18.9€ - <<FNAC.COM>> is properly predicted as booksMoviesMusic by BI",
  "✅ -79.82€ - <<CYRILLUS>> is properly predicted as dressing by BI",
  "✅ -8.7€ - <<PHARMACIE DU RER>> is properly predicted as healthExpenses by BI",
  "✅ -7.9€ - <<PCIE DU CENTRE>> is properly predicted as healthExpenses by BI",
  "✅ -38€ - <<DR WONGECZOWSKI>> is properly predicted as healthExpenses by BI",
  "✅ -14.46€ - <<CULTURA LA DEFEN>> is properly predicted as hobbyAndPassion by BI",
  "✅ -70€ - <<DR SOPHIE PELLET>> is properly predicted as healthExpenses by BI",
  "✅ -12.9€ - <<PHARMACIE JAURES>> is properly predicted as healthExpenses by BI",
  "✅ -38€ - <<DR WONGECZOWSKI>> is properly predicted as healthExpenses by BI",
  "✅ -28€ - <<O'BISTRO>> is properly predicted as restaurantsAndBars by BI",
  "✅ -29.95€ - <<N ET D 133>> is properly predicted as supermarket by BI",
  "✅ -15.36€ - <<MONOPRIX>> is properly predicted as supermarket by BI",
  "✅ -13.5€ - <<LE PETIT CAPUCCI>> is properly predicted as restaurantsAndBars by BI",
  "✅ -133€ - <<WWW ZALANDO FR EUR0000013300>> is properly predicted as dressing by BI",
  "✅ -14.22€ - <<SHIKI SUSHI>> is properly predicted as restaurantsAndBars by BI",
  "✅ -74€ - <<PRINTEMPS HAUSSM>> is properly predicted as shoppingECommerce by BI",
  "✅ -12.99€ - <<FNAC.COM>> is properly predicted as booksMoviesMusic by BI",
  "✅ -34€ - <<AUCHAN.FR>> is properly predicted as supermarket by BI",
  "⚠️ -12€ - <<NESTOR EUR0000001200>> was uncategorized and was predicted as uncategorized by BI",
  "⚠️ -12€ - <<NESTOR EUR0000001200>> was uncategorized and was predicted as uncategorized by BI",
  "✅ -21€ - <<MIAN FAN>> is properly predicted as legalCounsel by BI",
  "✅ -155.19€ - <<CYRILLUS.FR>> is properly predicted as dressing by BI",
  "⚠️ -9.5€ - <<NESTOR EUR0000000950>> was uncategorized and was predicted as uncategorized by BI",
  "✅ -13.5€ - <<LE PETIT CAPUCCI>> is properly predicted as restaurantsAndBars by BI",
  "✅ -39.99€ - <<CULTURA LA DEFEN>> is properly predicted as hobbyAndPassion by BI",
  "✅ -8€ - <<LA POSTE L920620>> is properly predicted as post by BI",
  "✅ -13.1€ - <<IYO>> is properly predicted as homeAndRealEstate by BI",
  "⚠️ -12.15€ - <<SURESNES VOIRIE>> was uncategorized and was predicted as uncategorized by BI",
  "⚠️ -12€ - <<NESTOR EUR0000001200>> was uncategorized and was predicted as uncategorized by BI",
  "✅ -29.9€ - <<PHARMACIE JAURES>> is properly predicted as healthExpenses by BI",
  "✅ -24.8€ - <<PRINTEMPS HAUSSM>> is properly predicted as shoppingECommerce by BI",
  "✅ -95€ - <<PRINTEMPS HAUSSM>> is properly predicted as shoppingECommerce by BI",
  "✅ -187€ - <<LORENTZ BY GERAR>> is properly predicted as shoppingECommerce by BI",
  "✅ -12.6€ - <<SHIKI SUSHI>> is properly predicted as restaurantsAndBars by BI",
  "✅ -16€ - <<LE PETIT CAPUCCI>> is properly predicted as restaurantsAndBars by BI",
  "✅ -11.15€ - <<LA POSTE BOUTIQU>> is properly predicted as post by BI",
  "✅ -75.2€ - <<SNCF>> is properly predicted as savings by BI",
  "✅ -19€ - <<SELAS PHARMACIE>> is properly predicted as healthExpenses by BI",
  "✅ -59€ - <<DECATHLON>> is properly predicted as activityFees by BI",
  "✅ -133.6€ - <<AUCHAN ENGLOS>> is properly predicted as supermarket by BI",
  "✅ -64.93€ - <<LIDL HAUBOU2018>> is properly predicted as supermarket by BI",
  "✅ -9.2€ - <<WOK ADDICT>> is properly predicted as restaurantsAndBars by BI",
  "⚠️ -9.5€ - <<CHEN GOURMET>> was uncategorized and was predicted as uncategorized by BI",
  "⚠️ -9.9€ - <<SC-CHOCOLINE>> was uncategorized and was predicted as uncategorized by BI",
  "✅ -13.5€ - <<LE PETIT CAPUCCI>> is properly predicted as restaurantsAndBars by BI",
  "✅ -9.99€ - <<WP KOBOECOM>> is properly predicted as booksMoviesMusic by BI",
  "✅ -13.6€ - <<MCDONALDS 921>> is properly predicted as restaurantsAndBars by BI",
  "✅ -80.15€ - <<CULTURA LA DEFEN>> is properly predicted as hobbyAndPassion by BI",
  "✅ -15.54€ - <<ALICE DELICE DEF>> is properly predicted as hobbyAndPassion by BI",
  "✅ -87.6€ - <<UNIQLO OPERA 14>> is properly predicted as dressing by BI",
  "✅ -19.39€ - <<PAIN D EPICES>> is properly predicted as supermarket by BI",
  "✅ -13.9€ - <<IYO>> is properly predicted as homeAndRealEstate by BI",
  "✅ -26.33€ - <<FRANPRIX LP COFI>> is properly predicted as supermarket by BI",
  "✅ -129.8€ - <<UNIQLO OPERA 05>> is properly predicted as dressing by BI",
  "⚠️ -9.5€ - <<NESTOR EUR0000000950>> was uncategorized and was predicted as uncategorized by BI",
  "⚠️ -118.15€ - <<MODELISMO MAR SL EUR0000011815>> was uncategorized and was predicted as uncategorized by BI",
  "✅ -9.99€ - <<WP KOBOECOM>> is properly predicted as booksMoviesMusic by BI",
  "⚠️ -19.38€ - <<CDE DISTRIBUTION>> was uncategorized and was predicted as uncategorized by BI",
  "✅ -13.5€ - <<COCO LAFAYETTE>> is properly predicted as shoppingECommerce by BI",
  "✅ -7.5€ - <<LA POSTE BOUTIQU>> is properly predicted as internalTransfer by BI",
  "⚠️ -12€ - <<NESTOR EUR0000001200>> was uncategorized and was predicted as uncategorized by BI",
  "✅ -6.8€ - <<LA POSTE BOUTIQU>> is properly predicted as post by BI",
  "✅ -30€ - <<PRINTEMPS HAUSSM>> is properly predicted as shoppingECommerce by BI",
  "✅ -23.75€ - <<F2097 HEMA>> is properly predicted as homeImprovement by BI",
  "✅ -7.53€ - <<LA POSTE BOUTIQU>> is properly predicted as post by BI",
  "✅ -9.99€ - <<WP KOBOECOM>> is properly predicted as booksMoviesMusic by BI",
  "⚠️ -24€ - <<NESTOR EUR0000002400>> was uncategorized and was predicted as uncategorized by BI",
  "✅ -102.49€ - <<ALMABIO BIOCOOP>> is properly predicted as supermarket by BI",
  "⚠️ -12€ - <<NESTOR EUR0000001200>> was uncategorized and was predicted as uncategorized by BI",
  "✅ -15.45€ - <<LA POSTE 920620>> is properly predicted as shoppingECommerce by BI",
  "✅ -9.99€ - <<WP KOBOECOM>> is properly predicted as booksMoviesMusic by BI",
  "⚠️ -45.9€ - <<EPICES ROELLING>> was uncategorized and was predicted as uncategorized by BI",
  "✅ -19.54€ - <<FRANPRIX LP COFI>> is properly predicted as supermarket by BI",
  "⚠️ -12€ - <<NESTOR EUR0000001200>> was uncategorized and was predicted as uncategorized by BI",
  "✅ -11.2€ - <<WOK ADDICT>> is properly predicted as restaurantsAndBars by BI",
  "✅ -75.2€ - <<L'ESPACE CAFE>> is properly predicted as restaurantsAndBars by BI",
  "✅ -47.98€ - <<ETAM LINGERIE>> is properly predicted as dressing by BI",
  "✅ -36.98€ - <<DPAM>> is properly predicted as dressing by BI",
  "⚠️ -9.5€ - <<NESTOR EUR0000000950>> was uncategorized and was predicted as uncategorized by BI",
  "✅ -9.99€ - <<WP KOBOECOM>> is properly predicted as booksMoviesMusic by BI",
  "✅ -89.9€ - <<SAGA DES MARQUE>> is properly predicted as journey by BI",
  "✅ -20.32€ - <<MONOPRIX>> is properly predicted as supermarket by BI",
  "⚠️ -23.24€ - <<MAISONDUFRUIT92>> was uncategorized and was predicted as uncategorized by BI",
  "⚠️ -11.81€ - <<L'AMANDIER>> was uncategorized and was predicted as uncategorized by BI",
  "✅ -6.98€ - <<ITUNES.COM/BILL EUR0000000698>> is properly predicted as booksMoviesMusic by BI",
  "⚠️ -38.11€ - <<SARL GOUBE>> was uncategorized and was predicted as uncategorized by BI",
  "✅ -119.7€ - <<SAGA DES MARQUE>> is properly predicted as journey by BI",
  "✅ -32.61€ - <<MONOPRIX>> is properly predicted as supermarket by BI",
  "✅ -12.42€ - <<LAGON 92>> is properly predicted as goingOutAndTravel by BI",
  "✅ -7.05€ - <<LA POSTE BOUTIQU>> is properly predicted as post by BI",
  "⚠️ -14.56€ - <<LA BASSE COUR>> was uncategorized and was predicted as uncategorized by BI",
  "✅ -37.47€ - <<ALICE DELICE DEF>> is properly predicted as hobbyAndPassion by BI",
  "✅ -49.22€ - <<ALICE DELICE>> is properly predicted as hobbyAndPassion by BI",
  "✅ -25.15€ - <<LA POSTE BOUTIQU>> is properly predicted as post by BI",
  "✅ -73€ - <<BAYARD PRESSE>> is properly predicted as booksMoviesMusic by BI",
  "✅ -9.8€ - <<CUCINA DA MARIO>> is properly predicted as supermarket by BI",
  "✅ -60.95€ - <<ALMABIO BIOCOOP>> is properly predicted as supermarket by BI",
  "✅ -86.69€ - <<DAC AUCHAN CARBU>> is properly predicted as vehiculeGas by BI",
  "✅ -17.5€ - <<BOULANGERIE OPE>> is properly predicted as supermarket by BI",
  "✅ -12.85€ - <<RELAY 328005SC>> is properly predicted as tobaccoPress by BI",
  "✅ -10.37€ - <<IYO>> is properly predicted as homeAndRealEstate by BI",
  "✅ -3.87€ - <<ITUNES.COM/BILL EUR0000000387>> is properly predicted as booksMoviesMusic by BI",
  "✅ -12.2€ - <<WOK ADDICT>> is properly predicted as restaurantsAndBars by BI",
  "⚠️ -9.5€ - <<DAI HL>> was uncategorized and was predicted as uncategorized by BI",
  "✅ -22.5€ - <<MORGAN>> is properly predicted as dressing by BI",
  "⚠️ -25.81€ - <<CDE DISTRIBUTION>> was uncategorized and was predicted as uncategorized by BI",
  "⚠️ -10.8€ - <<SARL S&Z>> was uncategorized and was predicted as uncategorized by BI",
  "✅ -11.95€ - <<IYO>> is properly predicted as homeAndRealEstate by BI",
  "✅ -40€ - <<SURESNES LIB>> is properly predicted as professionalExpenses by BI",
  "✅ -17.8€ - <<RELAY 326264PX>> is properly predicted as goingOutCulture by BI",
  "✅ -74.75€ - <<F2019 HEMA>> is properly predicted as homeImprovement by BI",
  "✅ -30.54€ - <<ALMABIO BIOCOOP>> is properly predicted as supermarket by BI",
  "✅ -10.5€ - <<Transavia Menu S EUR0000001050>> is properly predicted as journey by BI",
  "⚠️ -12.15€ - <<SURESNES VOIRIE>> was uncategorized and was predicted as uncategorized by BI",
  "✅ -75.2€ - <<L'ESPACE CAFE>> is properly predicted as restaurantsAndBars by BI",
  "⚠️ -35.94€ - <<CDE DISTRIBUTION>> was uncategorized and was predicted as uncategorized by BI",
  "✅ -40.87€ - <<UBER>> is properly predicted as taxi by BI",
  "⚠️ -366.52€ - <<CLUB MED SOLTA EUR0000036652>> was uncategorized and was predicted as uncategorized by BI",
  "✅ -55.55€ - <<WWW.COTESUSHI.CV EUR0000005555>> is properly predicted as restaurantsAndBars by BI",
  "✅ -40€ - <<SAINT MARTIN>> is properly predicted as professionalExpenses by BI",
  "✅ -12.99€ - <<WP KOBOECOM>> is properly predicted as booksMoviesMusic by BI",
  "✅ -4.99€ - <<WP KOBOECOM>> is properly predicted as booksMoviesMusic by BI",
  "✅ -2.99€ - <<WP KOBOECOM>> is properly predicted as booksMoviesMusic by BI",
  "⚠️ -90.46€ - <<TOUT A VELOS>> was uncategorized and was predicted as uncategorized by BI",
  "✅ -13.2€ - <<LE SEL D'ISABELL>> is properly predicted as restaurantsAndBars by BI",
  "⚠️ -20.9€ - <<AUVERGNE EN RE>> was uncategorized and was predicted as uncategorized by BI",
  "✅ -40€ - <<LE BOIS PLAG>> is properly predicted as professionalExpenses by BI",
  "⚠️ -28.45€ - <<SARL BJ>> was uncategorized and was predicted as uncategorized by BI",
  "✅ -50€ - <<LE BOIS PLAG>> is properly predicted as professionalExpenses by BI",
  "⚠️ -15.8€ - <<BEACH BAR>> was uncategorized and was predicted as uncategorized by BI",
  "✅ -7.95€ - <<SUPER U>> is properly predicted as supermarket by BI",
  "✅ -12.9€ - <<IYO>> is properly predicted as homeAndRealEstate by BI",
  "✅ -32.8€ - <<PRADIER ROOSEVE>> is properly predicted as restaurantsAndBars by BI",
  "✅ -7€ - <<OKAIDI 1637>> is properly predicted as dressing by BI",
  "✅ -182.98€ - <<FNAC ST LAZARE>> is properly predicted as booksMoviesMusic by BI",
  "⚠️ -20.48€ - <<CASA 07>> was uncategorized and was predicted as uncategorized by BI",
  "✅ -73.08€ - <<Princesse Tam.Ta EUR0000007308>> is properly predicted as publicTransportation by BI",
  "✅ -5.49€ - <<ITUNES.COM/BILL EUR0000000549>> is properly predicted as booksMoviesMusic by BI",
  "✅ -29.6€ - <<PHARMACIE D'AMST>> is properly predicted as healthExpenses by BI",
  "✅ -13.5€ - <<LE PETIT CAPUCCI>> is properly predicted as restaurantsAndBars by BI",
  "✅ -59.98€ - <<MONOPRIX>> is properly predicted as supermarket by BI",
  "⚠️ -18€ - <<FORF P.STAT WEB>> was uncategorized and was predicted as uncategorized by BI",
  "✅ -30€ - <<PRINTEMPS HAUSSM>> is properly predicted as shoppingECommerce by BI",
  "✅ -95€ - <<PRINTEMPS HAUSSM>> is properly predicted as shoppingECommerce by BI",
  "✅ -47.6€ - <<MORGAN>> is properly predicted as dressing by BI",
  "✅ -29.69€ - <<MONOPRIX>> is properly predicted as supermarket by BI",
  "✅ -22.35€ - <<MONOPRIX>> is properly predicted as supermarket by BI",
  "⚠️ -9.5€ - <<DAI HL>> was uncategorized and was predicted as uncategorized by BI",
  "✅ -9.5€ - <<INDIGO>> is properly predicted as electronicsAndMultimedia by BI",
  "✅ -66.18€ - <<ETAM LINGERIE>> is properly predicted as dressing by BI",
  "✅ -250.04€ - <<AUCHAN LA DEFENS>> is properly predicted as dailyLife by BI",
  "⚠️ -2.95€ - <<RR STAT PAYBYPHO>> was uncategorized and was predicted as uncategorized by BI",
  "⚠️ -25.15€ - <<RR STAT PAYBYPHO>> was uncategorized and was predicted as uncategorized by BI",
  "⚠️ -2.65€ - <<SURESNES VOIRIE>> was uncategorized and was predicted as uncategorized by BI",
  "✅ -11.2€ - <<LA POSTE L920620>> is properly predicted as post by BI",
  "✅ -14.46€ - <<IYO>> is properly predicted as homeAndRealEstate by BI",
  "✅ -57.11€ - <<HPP SARL>> is properly predicted as vehiculeMaintenance by BI",
  "✅ -31.86€ - <<BIO C BON>> is properly predicted as supermarket by BI",
  "⚠️ -11.55€ - <<FRICHTI EUR0000001155>> was uncategorized and was predicted as uncategorized by BI",
]
`;

exports[`Chain of predictions should correctly predict transactions of banquepopulaire 1`] = `
Array [
  "⚠️ -149€ - <<HIRCUS 75PARIS>> was uncategorized and was predicted as uncategorized by BI",
  "⚠️ -9.9€ - <<BO BENTO 75PARIS>> was uncategorized and was predicted as uncategorized by BI",
  "⚠️ -65.2€ - <<MASSIMI SANDRA 2B2B BIGUGLIA>> was uncategorized and was predicted as uncategorized by BI",
  "⚠️ -26.65€ - <<MARCHE DU FBG 75PARIS>> was uncategorized and was predicted as uncategorized by BI",
  "❌ 540€ - <<ALIX DE CRECY loyer>> IS NOT properly predicted as rentalIncome by local model that said rent (0.93)",
  "✅ -11.77€ - <<SM CASINO CS35475PARIS>> is properly predicted as supermarket by BI",
  "⚠️ -18.78€ - <<NOOR 75PARIS>> was uncategorized and was predicted as uncategorized by BI",
  "⚠️ -14€ - <<OSA COTTEE 75PARIS>> was uncategorized and was predicted as uncategorized by BI",
  "✅ -29.69€ - <<NATURALIA 75PARIS>> is properly predicted as supermarket by BI",
  "✅ 55€ - <<MR PETITBERGHIEN ALA Mutuelle>> is properly predicted as internalTransfer by BI",
  "✅ -100€ - <<M THOMAS PETITBERGHI>> is properly predicted as internalTransfer by BI",
  "⚠️ -65€ - <<LA MADONNINA 75PARIS 10>> was uncategorized and was predicted as uncategorized by BI",
  "✅ -500€ - <<MR PETITBERGHIEN ALA ALAIN>> is properly predicted as internalTransfer by BI",
  "⚠️ -20.55€ - <<PROXI 20BIGUGLIA>> was uncategorized and was predicted as uncategorized by BI",
  "⚠️ -14.3€ - <<PROXI 20BIGUGLIA>> was uncategorized and was predicted as uncategorized by BI",
  "✅ -10.42€ - <<NATURALIA 75PARIS>> is properly predicted as supermarket by BI",
  "✅ -122€ - <<TABAC UPINU 2B2B FURIANI>> is properly predicted as tobaccoPress by BI",
  "✅ -498.44€ - <<AIR CORSICA 2A2A AJACCIO>> is properly predicted as journey by BI",
  "⚠️ -65.1€ - <<MASSIMI SANDRA 2B2B BIGUGLIA>> was uncategorized and was predicted as uncategorized by BI",
  "✅ -69.8€ - <<SEPA MATMUT ROUEN 2019011500003960020561436 SOC980002073203VMDT01>> is properly predicted as dailyLife by BI",
  "⚠️ 104.72€ - <<ALIX DE CRECY corse>> was uncategorized and was predicted as uncategorized by BI",
  "✅ -36.99€ - <<SEPA ORANGE Votre abonnement internet (factu M0049697752>> is properly predicted as telecom by BI",
  "✅ -33.9€ - <<GIFI 2B2B FURIANI>> is properly predicted as homeImprovement by BI",
  "✅ -15.94€ - <<DELIVEROO.FR DONT FRAIS: 0,00E 15,94EUR 1 EURO = 1,000000>> is properly predicted as bankFees by BI",
  "✅ -43.29€ - <<U EXPRESS 2B2B FURIANI>> is properly predicted as supermarket by BI",
  "✅ 1027.88€ - <<INTERETS AU 31/12/18>> is properly predicted as interests by BI",
  "⚠️ 3568.27€ - <<COZY CLOUD 12/2018 PETITBERGHIENT>> was uncategorized and was predicted as uncategorized by local model",
  "⚠️ -14.3€ - <<PROXI 20BIGUGLIA>> was uncategorized and was predicted as uncategorized by BI",
  "⚠️ -16.78€ - <<PROXI 20BIGUGLIA>> was uncategorized and was predicted as uncategorized by BI",
  "⚠️ -14.3€ - <<PROXI 20BIGUGLIA>> was uncategorized and was predicted as uncategorized by BI",
  "✅ -80€ - <<LCL PARIS GONCOU>> is properly predicted as professionalExpenses by BI",
  "⚠️ -27.94€ - <<BASTIA DISCOUNT2B2B BASTIA>> was uncategorized and was predicted as uncategorized by BI",
  "⚠️ -20.17€ - <<PROXI 20BIGUGLIA>> was uncategorized and was predicted as uncategorized by BI",
  "✅ -42€ - <<G7 92CLICHY>> is properly predicted as restaurantsAndBars by BI",
  "⚠️ -14.3€ - <<PROXI 20BIGUGLIA>> was uncategorized and was predicted as uncategorized by BI",
  "⚠️ -80€ - <<MME VARESI FRANCOISE>> was uncategorized and was predicted as uncategorized by BI",
  "✅ -6.9€ - <<MR BRICOLAGE 75PARIS>> is properly predicted as homeImprovement by BI",
  "⚠️ -8.19€ - <<DJURDJURA BLIDA75PARIS 10>> was uncategorized and was predicted as uncategorized by BI",
  "✅ -40€ - <<BIGUGLIA EXTERNE>> is properly predicted as professionalExpenses by BI",
  "✅ 500€ - <<MR PETITBERGHIEN ALA ALAIN>> is properly predicted as internalTransfer by BI",
  "⚠️ -45.74€ - <<PROXI 20BIGUGLIA>> was uncategorized and was predicted as uncategorized by BI",
  "⚠️ -21.55€ - <<PROXI 20BIGUGLIA>> was uncategorized and was predicted as uncategorized by BI",
  "⚠️ -45€ - <<HIRCUS 75PARIS>> was uncategorized and was predicted as uncategorized by BI",
  "⚠️ -69.7€ - <<MASSIMI SANDRA 2B2B BIGUGLIA>> was uncategorized and was predicted as uncategorized by BI",
  "⚠️ -24.99€ - <<PROXI 20BIGUGLIA>> was uncategorized and was predicted as uncategorized by BI",
  "⚠️ -17.78€ - <<PROXI 20BIGUGLIA>> was uncategorized and was predicted as uncategorized by BI",
  "✅ -40€ - <<PARIS PARMENTIER>> is properly predicted as professionalExpenses by BI",
  "✅ -12.87€ - <<FRANPRIX LP COF75PARIS>> is properly predicted as supermarket by BI",
  "⚠️ -32€ - <<SNC ROULET 75PARIS 9>> was uncategorized and was predicted as uncategorized by BI",
  "✅ -116.95€ - <<TICKETS08712200 DONT FRAIS: 0,00 116,95EUR 1 EURO = 1,000000>> is properly predicted as dailyLife by BI",
  "⚠️ -15.18€ - <<PROXI 20BIGUGLIA>> was uncategorized and was predicted as uncategorized by BI",
  "✅ -40€ - <<LCL BASTIA LUPIN>> is properly predicted as professionalExpenses by BI",
  "✅ -500€ - <<MR PETITBERGHIEN ALA ALAIN>> is properly predicted as internalTransfer by BI",
  "✅ -7.57€ - <<GEANT FURIANI 20FURIANI>> is properly predicted as supermarket by BI",
  "✅ -28€ - <<LYDIA APP 75PARIS>> is properly predicted as bankFees by BI",
  "⚠️ -11.05€ - <<PROXI 20BIGUGLIA>> was uncategorized and was predicted as uncategorized by BI",
  "⚠️ 19.35€ - <<MALAKOFF MEDERIC PREVOYA PAIEMENT - Malakoff Mederic Prev oyance - Sante - R18339101118900>> was uncategorized and was predicted as uncategorized by BI",
  "✅ -500€ - <<MR PETITBERGHIEN ALA ALAIN>> is properly predicted as internalTransfer by BI",
  "✅ -69.33€ - <<SEPA MATMUT ROUEN 2018111500003830020528459 SOC980002073203VMDT01>> is properly predicted as dailyLife by BI",
  "⚠️ -32.32€ - <<PROXI 20BIGUGLIA>> was uncategorized and was predicted as uncategorized by BI",
  "✅ -1500€ - <<M THOMAS PETITBERGHI>> is properly predicted as internalTransfer by BI",
  "⚠️ -180€ - <<MME VARESI FRANCOISE>> was uncategorized and was predicted as uncategorized by BI",
  "✅ -28€ - <<NESPRESSO OPERA75PARIS>> is properly predicted as dailyLife by BI",
  "✅ -10.5€ - <<COCO LAFAYETTE 75PARIS>> is properly predicted as shoppingECommerce by BI",
  "✅ -27.89€ - <<UBER *TRIP E3 DONT FRAIS: 0,00E 27,89EUR 1 EURO = 1,000000>> is properly predicted as bankFees by BI",
  "✅ 100€ - <<M THOMAS PETITBERGHI>> is properly predicted as internalTransfer by BI",
  "✅ -30€ - <<BIGUGLIA>> is properly predicted as professionalExpenses by BI",
  "⚠️ -22.07€ - <<PROXI 20BIGUGLIA>> was uncategorized and was predicted as uncategorized by BI",
  "⚠️ -15.22€ - <<PROXI 20BIGUGLIA>> was uncategorized and was predicted as uncategorized by BI",
  "❌ -56€ - <<CHEQUE 181030541200608413542161 1600 31168264010 12006>> IS NOT properly predicted as check by local model that said healthExpenses (0.97)",
  "✅ -17.96€ - <<SPAR CASATORRA 2B2B BIGUGLIA>> is properly predicted as supermarket by BI",
  "✅ -75.2€ - <<SEPA Navigo Annuel Navigo Annuel FR42ZZZ4573855021401507281704000>> is properly predicted as publicTransportation by BI",
  "✅ -10.66€ - <<AFFINEA XCCNV999 2018110200014847000001 CONTRAT CNV0002361245>> is properly predicted as dailyLife by BI",
  "⚠️ -29.37€ - <<MARCHE DU FBG 75PARIS>> was uncategorized and was predicted as uncategorized by BI",
  "⚠️ -14.3€ - <<PROXI 20BIGUGLIA>> was uncategorized and was predicted as uncategorized by BI",
  "⚠️ -20.45€ - <<PROXI 20BIGUGLIA>> was uncategorized and was predicted as uncategorized by BI",
  "⚠️ -22.5€ - <<UNIVERS BD 75PARIS>> was uncategorized and was predicted as uncategorized by BI",
  "⚠️ -32€ - <<SNC ROULET 75PARIS 9>> was uncategorized and was predicted as uncategorized by BI",
  "✅ -100€ - <<M THOMAS PETITBERGHI>> is properly predicted as internalTransfer by BI",
  "✅ -20€ - <<LES TRIPLETTES 75PARIS>> is properly predicted as restaurantsAndBars by BI",
  "✅ 1300€ - <<M THOMAS PETITBERGHI>> is properly predicted as internalTransfer by BI",
  "⚠️ -19.01€ - <<MARCHE DU FBG 75PARIS>> was uncategorized and was predicted as uncategorized by BI",
  "✅ -19.99€ - <<SEPA Bouygues Telec Box BT08500H3UC26>> is properly predicted as telecom by BI",
  "⚠️ -15.22€ - <<PROXI 20BIGUGLIA>> was uncategorized and was predicted as uncategorized by BI",
  "✅ -69.33€ - <<SEPA MATMUT ROUEN 2018101500003770020536181 SOC980002073203VMDT01>> is properly predicted as dailyLife by BI",
  "✅ -7.27€ - <<U EXPRESS 2B2B FURIANI>> is properly predicted as supermarket by BI",
  "✅ -20€ - <<LE RELAIS DE BI2B2B BIGUGLIA>> is properly predicted as restaurantsAndBars by BI",
  "⚠️ -15€ - <<MIAN FAN 75PARIS>> was uncategorized and was predicted as uncategorized by BI",
  "⚠️ -24.84€ - <<PROXI 20BIGUGLIA>> was uncategorized and was predicted as uncategorized by BI",
  "⚠️ -70€ - <<SEPA Prelevement ED Z102101811369 25740 1 F03 PR 257970112381>> was uncategorized and was predicted as uncategorized by BI",
  "✅ -36.99€ - <<SEPA ORANGE Votre abonnement internet (factu M0049697752>> is properly predicted as telecom by BI",
  "❌ -22.6€ - <<CHEQUE 887030004181107082311310 1600 3000400805206954907130004>> IS NOT properly predicted as check by local model that said healthExpenses (0.97)",
  "⚠️ -9.5€ - <<PEGAST 75PARIS>> was uncategorized and was predicted as uncategorized by BI",
  "✅ -70€ - <<PARIS>> is properly predicted as professionalExpenses by BI",
  "⚠️ -32€ - <<SNC ROULET 75PARIS 9>> was uncategorized and was predicted as uncategorized by BI",
  "⚠️ -8.96€ - <<MARCHE DU FBG 75PARIS>> was uncategorized and was predicted as uncategorized by BI",
  "⚠️ -17.81€ - <<PROXI 20BIGUGLIA>> was uncategorized and was predicted as uncategorized by BI",
  "✅ -6.59€ - <<UBER 75PARIS>> is properly predicted as professionalExpenses by BI",
  "✅ -14.5€ - <<LIBRAIRIE CORDE26ROMANS SUR IS>> is properly predicted as booksMoviesMusic by BI",
  "⚠️ 116.14€ - <<ALIX DE CRECY Corse>> was uncategorized and was predicted as uncategorized by BI",
  "✅ -75.2€ - <<SEPA Navigo Annuel Navigo Annuel FR42ZZZ4573855021401507281704000>> is properly predicted as publicTransportation by BI",
  "⚠️ -9.5€ - <<BRAUN NOTES 75PARIS 09>> was uncategorized and was predicted as uncategorized by BI",
  "⚠️ -8.2€ - <<WOK ADDICT 93LE RAINCY>> was uncategorized and was predicted as uncategorized by BI",
  "✅ -9€ - <<PARCHEGGIO LUNA DONT FRAIS: 0,00 9,00EUR 1 EURO = 1,000000>> is properly predicted as bankFees by BI",
  "✅ -69.16€ - <<SEPA EDF clients pa Numero de client : 5008757314 - MM9750087573140001>> is properly predicted as power by BI",
  "✅ -1000€ - <<CHRISTIAN UBL G8851511 loyer nov2018>> is properly predicted as rent by local model",
  "✅ -2.1€ - <<AUTOST DIREZ.EN DONT FRAIS: 0,00 2,10EUR 1 EURO = 1,000000>> is properly predicted as parkingAndToll by BI",
  "✅ -150€ - <<Napoli Centr.At DONT FRAIS: 0,00 150,00EUR 1 EURO = 1,000000>> is properly predicted as bankFees by BI",
  "⚠️ -24€ - <<JIN ANBO 75PARIS>> was uncategorized and was predicted as uncategorized by BI",
  "⚠️ -24€ - <<L HARMONIE 75PARIS>> was uncategorized and was predicted as uncategorized by BI",
  "⚠️ -9.5€ - <<DAI HL 75PARIS>> was uncategorized and was predicted as uncategorized by BI",
  "✅ -26.59€ - <<DELIVEROO.FR DONT FRAIS: 0,00E 26,59EUR 1 EURO = 1,000000>> is properly predicted as bankFees by BI",
  "⚠️ -26.5€ - <<FONTAINE FLEURI75PARIS 11>> was uncategorized and was predicted as uncategorized by BI",
  "⚠️ -100€ - <<ROLLING SHOP 75 PARIS 02>> was uncategorized and was predicted as uncategorized by BI",
  "✅ 350€ - <<M THOMAS PETITBERGHI>> is properly predicted as internalTransfer by BI",
  "⚠️ -8.9€ - <<YUMIBAO 75PARIS>> was uncategorized and was predicted as uncategorized by BI",
  "⚠️ -9.5€ - <<DAI HL 75PARIS>> was uncategorized and was predicted as uncategorized by BI",
  "✅ -8.82€ - <<UBER 75PARIS>> is properly predicted as professionalExpenses by BI",
  "✅ -9.5€ - <<NESTOR DONT FRAIS: 0,00E 9,50EUR 1 EURO = 1,000000>> is properly predicted as bankFees by BI",
  "✅ -12.92€ - <<EQUIPAGE ESSENTIEL XCCNV013 2018102200015777000001 CONTRAT CNV0000288744>> is properly predicted as dailyLife by BI",
  "⚠️ 19.35€ - <<MALAKOFF MEDERIC PREVOYA PAIEMENT - Malakoff Mederic Prev oyance - Sante - R18290102222500>> was uncategorized and was predicted as uncategorized by BI",
  "✅ -25.21€ - <<MONOPRIX 75PARIS>> is properly predicted as supermarket by BI",
  "⚠️ -200€ - <<M THOMAS PETITBERGHI>> was uncategorized and was predicted as uncategorized by BI",
  "⚠️ 400€ - <<M THOMAS PETITBERGHI>> was uncategorized and was predicted as uncategorized by BI",
  "✅ -14.47€ - <<NATURALIA 75PARIS>> is properly predicted as supermarket by BI",
  "⚠️ 100€ - <<M THOMAS PETITBERGHI>> was uncategorized and was predicted as uncategorized by BI",
  "✅ -20.49€ - <<AMAZON PAYMENTS75PAYLI2441535/>> is properly predicted as shoppingECommerce by BI",
  "⚠️ -8.2€ - <<WOK ADDICT 93LE RAINCY>> was uncategorized and was predicted as uncategorized by BI",
  "⚠️ -300€ - <<M THOMAS PETITBERGHI>> was uncategorized and was predicted as uncategorized by BI",
  "⚠️ -24€ - <<L HARMONIE 75PARIS>> was uncategorized and was predicted as uncategorized by BI",
  "⚠️ 100€ - <<M THOMAS PETITBERGHI>> was uncategorized and was predicted as uncategorized by BI",
  "⚠️ 350€ - <<M THOMAS PETITBERGHI>> was uncategorized and was predicted as uncategorized by BI",
  "⚠️ -100€ - <<M THOMAS PETITBERGHI>> was uncategorized and was predicted as uncategorized by BI",
  "⚠️ -600€ - <<M THOMAS PETITBERGHI>> was uncategorized and was predicted as uncategorized by BI",
  "⚠️ -3300€ - <<M THOMAS PETITBERGHI>> was uncategorized and was predicted as uncategorized by BI",
  "⚠️ 100€ - <<M THOMAS PETITBERGHI>> was uncategorized and was predicted as uncategorized by BI",
  "✅ 68.61€ - <<INTERETS AU 31/12/17>> is properly predicted as interests by BI",
  "⚠️ -15.26€ - <<PAISANO 75PARIS>> was uncategorized and was predicted as uncategorized by BI",
  "⚠️ -26.8€ - <<ALTER MUNDI 75PARIS>> was uncategorized and was predicted as uncategorized by BI",
  "⚠️ -14€ - <<RAPHAEL H 75PARIS 8>> was uncategorized and was predicted as uncategorized by BI",
  "⚠️ -32.8€ - <<L AMICALE 75PARIS>> was uncategorized and was predicted as uncategorized by BI",
  "✅ -16€ - <<CANNIBALE CAFE 75 PARIS 11>> is properly predicted as restaurantsAndBars by BI",
  "⚠️ -20.36€ - <<MARCHE DU FBG 75PARIS>> was uncategorized and was predicted as uncategorized by BI",
  "⚠️ -11.5€ - <<MOCE 75PARIS>> was uncategorized and was predicted as uncategorized by BI",
  "✅ -1000€ - <<CHRISTIAN UBL G8851511 Loyer Janvier2019>> is properly predicted as rent by local model",
  "⚠️ -19.56€ - <<PROXI 20BIGUGLIA>> was uncategorized and was predicted as uncategorized by BI",
  "⚠️ -55€ - <<MME MARIE PETITBERGH>> was uncategorized and was predicted as uncategorized by BI",
  "⚠️ -7.9€ - <<SC-BAGEL CORNER75PARIS>> was uncategorized and was predicted as uncategorized by BI",
  "✅ -75.2€ - <<SEPA Navigo Annuel Navigo Annuel FR42ZZZ4573855021401507281704000>> is properly predicted as publicTransportation by BI",
  "⚠️ -0.5€ - <<HAGD CHAMPS ELY92BOULOGNE BILL>> was uncategorized and was predicted as uncategorized by local model",
  "⚠️ -64€ - <<MASSIMI SANDRA 2B2B BIGUGLIA>> was uncategorized and was predicted as uncategorized by BI",
  "⚠️ -22.7€ - <<PROXI 20BIGUGLIA>> was uncategorized and was predicted as uncategorized by BI",
  "✅ -176.77€ - <<PREL SOC PEL SUR INTERETS DE L ANNEE AU TAUX EN VIGUEUR>> is properly predicted as bankFees by BI",
  "⚠️ -41.85€ - <<BASTIA DISCOUNT2B2B BASTIA>> was uncategorized and was predicted as uncategorized by BI",
  "⚠️ -14.3€ - <<PROXI 20BIGUGLIA>> was uncategorized and was predicted as uncategorized by BI",
  "⚠️ -10.54€ - <<MARCHE DU FBG 75PARIS>> was uncategorized and was predicted as uncategorized by BI",
  "⚠️ -23.18€ - <<MARCHE DU FBG 75PARIS>> was uncategorized and was predicted as uncategorized by BI",
  "✅ 500€ - <<MR PETITBERGHIEN ALA ALAIN>> is properly predicted as internalTransfer by BI",
  "✅ -60.38€ - <<MONOPRIX 75PARIS>> is properly predicted as supermarket by BI",
  "⚠️ -50.66€ - <<PROXI 20BIGUGLIA>> was uncategorized and was predicted as uncategorized by BI",
  "⚠️ -4.76€ - <<MARCHE DU FBG 75PARIS>> was uncategorized and was predicted as uncategorized by BI",
  "⚠️ 250€ - <<ALIX DE CRECY corse aout>> was uncategorized and was predicted as uncategorized by local model",
  "⚠️ -30.99€ - <<SBEM 2B2B BASTIA>> was uncategorized and was predicted as uncategorized by BI",
  "❌ -64€ - <<CHEQUE 190111641200608414006980 1600 73003378724 12006>> IS NOT properly predicted as check by local model that said healthExpenses (0.97)",
  "✅ -133.97€ - <<MAISONS DU MOND20FURIANI>> is properly predicted as homeImprovement by BI",
  "✅ -39.9€ - <<GIFI 2B2B FURIANI>> is properly predicted as homeImprovement by BI",
  "⚠️ -59.99€ - <<SBEM 2B2B BASTIA>> was uncategorized and was predicted as uncategorized by BI",
  "⚠️ -21.17€ - <<PROXI 20BIGUGLIA>> was uncategorized and was predicted as uncategorized by BI",
  "⚠️ -0.22€ - <<BASTIA DISCOUNT2B2B BASTIA>> was uncategorized and was predicted as uncategorized by BI",
  "⚠️ -38.87€ - <<PROXI 20BIGUGLIA>> was uncategorized and was predicted as uncategorized by BI",
  "✅ -23.5€ - <<CHEZ JUSTINE 75PARIS>> is properly predicted as restaurantsAndBars by BI",
  "✅ -69.35€ - <<SEPA MATMUT ROUEN 2018121700003900020520030 SOC980002073203VMDT01>> is properly predicted as dailyLife by BI",
  "✅ -500€ - <<MR PETITBERGHIEN ALA ALAIN>> is properly predicted as internalTransfer by BI",
  "⚠️ -24€ - <<CAI HAIMAN 75PARIS 10>> was uncategorized and was predicted as uncategorized by BI",
  "✅ -180€ - <<MR OU MME PETITBERGH>> is properly predicted as internalTransfer by BI",
  "⚠️ -36.95€ - <<BASTIA DISCOUNT2B2B BASTIA>> was uncategorized and was predicted as uncategorized by BI",
  "✅ -24€ - <<TABAC HAUTEVILL75PARIS>> is properly predicted as tobaccoPress by BI",
  "✅ -24.5€ - <<GENERALE OPTIQU75PARIS 11>> is properly predicted as healthExpenses by BI",
  "✅ 100€ - <<MR OU MME PETITBERGH ALAIN>> is properly predicted as internalTransfer by BI",
  "✅ -36.99€ - <<SEPA ORANGE Votre abonnement internet (factu M0049697752>> is properly predicted as telecom by BI",
  "⚠️ -12.36€ - <<MARCHE DU FBG 75PARIS>> was uncategorized and was predicted as uncategorized by BI",
  "✅ -9.99€ - <<SEPA Bouygues Telec Lignes mobiles BT11500OAVV52>> is properly predicted as telecom by BI",
  "⚠️ -11.9€ - <<EPICURIENS 26 75PARIS>> was uncategorized and was predicted as uncategorized by BI",
  "✅ -42.34€ - <<MONOPRIX 75PARIS>> is properly predicted as supermarket by BI",
  "⚠️ -8.2€ - <<WOK ADDICT 93LE RAINCY>> was uncategorized and was predicted as uncategorized by BI",
  "⚠️ -10€ - <<DESPEAUX EMILIE75PARIS 11>> was uncategorized and was predicted as uncategorized by BI",
  "✅ -21.92€ - <<GEANT FURIANI 20FURIANI>> is properly predicted as supermarket by BI",
  "⚠️ -10€ - <<BUN'S & CO 75PARIS>> was uncategorized and was predicted as uncategorized by BI",
  "⚠️ -18.27€ - <<PROXI 20BIGUGLIA>> was uncategorized and was predicted as uncategorized by BI",
  "⚠️ -14.4€ - <<CHAMBELLAND 75PARIS>> was uncategorized and was predicted as uncategorized by BI",
  "✅ -37.75€ - <<F2019 HEMA 75PARIS>> is properly predicted as telecom by BI",
  "✅ -99.99€ - <<DARTY.COM 93BONDY907040 />> is properly predicted as shoppingECommerce by BI",
  "✅ -10.66€ - <<AFFINEA XCCNV999 2018120200010352000001 CONTRAT CNV0002361245>> is properly predicted as dailyLife by BI",
  "⚠️ -10.9€ - <<ENVIE DE JOLIES75PARIS>> was uncategorized and was predicted as uncategorized by BI",
  "✅ -12.69€ - <<STATION CAMPOME2B2B FURIANI>> is properly predicted as vehiculeGas by BI",
  "⚠️ -9.8€ - <<SARL S&Z 75PARIS>> was uncategorized and was predicted as uncategorized by local model",
  "⚠️ -8.2€ - <<WOK ADDICT 93LE RAINCY>> was uncategorized and was predicted as uncategorized by BI",
  "✅ -36.99€ - <<SEPA ORANGE Votre abonnement internet (factu M0049697752>> is properly predicted as telecom by BI",
  "⚠️ -15.22€ - <<PROXI 20BIGUGLIA>> was uncategorized and was predicted as uncategorized by BI",
  "⚠️ -15.77€ - <<PROXI 20BIGUGLIA>> was uncategorized and was predicted as uncategorized by BI",
  "⚠️ -70€ - <<SEPA Prelevement ED Z102111814971 25740 1 F03 PR 257970112381>> was uncategorized and was predicted as uncategorized by BI",
  "✅ -40€ - <<LCL BASTIA LUPIN>> is properly predicted as professionalExpenses by BI",
  "⚠️ -22.88€ - <<PROXI 20BIGUGLIA>> was uncategorized and was predicted as uncategorized by BI",
  "✅ 180€ - <<MR PETITBERGHIEN ALA>> is properly predicted as internalTransfer by BI",
  "⚠️ -17€ - <<Alix De Crecy G8851511 Cado G>> was uncategorized and was predicted as uncategorized by BI",
  "✅ -40€ - <<LE VINYLE CLUB DONT FRAIS: 0,00E 40,00EUR 1 EURO = 1,000000>> is properly predicted as bankFees by BI",
  "⚠️ -9.9€ - <<I LOVE BO BUN 75PARIS 9>> was uncategorized and was predicted as uncategorized by BI",
  "⚠️ -15.18€ - <<PROXI 20BIGUGLIA>> was uncategorized and was predicted as uncategorized by BI",
  "✅ -12.06€ - <<GEANT TA00120FURIANI>> is properly predicted as supermarket by BI",
  "⚠️ -19.04€ - <<PROXI 20BIGUGLIA>> was uncategorized and was predicted as uncategorized by BI",
  "✅ 500€ - <<MR PETITBERGHIEN ALA ALAIN>> is properly predicted as internalTransfer by BI",
  "⚠️ -248€ - <<PLUME ET BILLE 75PARIS>> was uncategorized and was predicted as uncategorized by local model",
  "⚠️ -24€ - <<DTC 75PARIS 11>> was uncategorized and was predicted as uncategorized by BI",
  "✅ -69.16€ - <<SEPA EDF clients pa Numero de client : 5008757314 - MM9750087573140001>> is properly predicted as power by BI",
  "✅ -19.94€ - <<GEANT TA00120FURIANI>> is properly predicted as supermarket by BI",
  "✅ 27.54€ - <<CPAM DE PARIS 183380015137183380015137>> is properly predicted as allocations by BI",
  "⚠️ -9.5€ - <<BRAUN NOTES 75PARIS 09>> was uncategorized and was predicted as uncategorized by BI",
  "⚠️ -16.65€ - <<PROXI 20BIGUGLIA>> was uncategorized and was predicted as uncategorized by BI",
  "⚠️ -15.22€ - <<PROXI 20BIGUGLIA>> was uncategorized and was predicted as uncategorized by BI",
  "✅ 530.18€ - <<CPAM 202 BASTIA 183090000127183090000127>> is properly predicted as allocations by BI",
  "⚠️ -27.55€ - <<PROXI 20BIGUGLIA>> was uncategorized and was predicted as uncategorized by BI",
  "⚠️ -29.83€ - <<PROXI 20BIGUGLIA>> was uncategorized and was predicted as uncategorized by BI",
  "⚠️ -15.22€ - <<PROXI 20BIGUGLIA>> was uncategorized and was predicted as uncategorized by BI",
  "⚠️ -65.8€ - <<MASSIMI SANDRA 2B2B BIGUGLIA>> was uncategorized and was predicted as uncategorized by BI",
  "✅ 22.44€ - <<CPAM DE PARIS 183300010282183300010282>> is properly predicted as allocations by BI",
  "✅ -12.92€ - <<EQUIPAGE ESSENTIEL XCCNV013 2018112200015533000001 CONTRAT CNV0000288744>> is properly predicted as dailyLife by BI",
  "✅ -30€ - <<BIGUGLIA>> is properly predicted as professionalExpenses by BI",
  "✅ -246€ - <<SEPA DIRECTION GENE 600109144133TLR1875724137655 NNFR46ZZZ0050021875724137655R144>> is properly predicted as dailyLife by BI",
  "⚠️ -23.33€ - <<PROXI 20BIGUGLIA>> was uncategorized and was predicted as uncategorized by BI",
  "✅ 572.04€ - <<CPAM 202 BASTIA 182920000148182920000148>> is properly predicted as allocations by BI",
  "✅ -16.5€ - <<LE RELAIS DE BI2B2B BIGUGLIA>> is properly predicted as restaurantsAndBars by BI",
  "⚠️ -180€ - <<MME VARESI FRANCOISE>> was uncategorized and was predicted as uncategorized by BI",
  "⚠️ -40.06€ - <<BASTIA DISCOUNT2B2B BASTIA>> was uncategorized and was predicted as uncategorized by BI",
  "✅ -10.45€ - <<UBER 75PARIS>> is properly predicted as professionalExpenses by BI",
  "⚠️ -16.65€ - <<PROXI 20BIGUGLIA>> was uncategorized and was predicted as uncategorized by BI",
  "✅ -180€ - <<MR OU MME PETITBERGH>> is properly predicted as internalTransfer by BI",
  "⚠️ -7.82€ - <<MARCHE DU FBG 75PARIS>> was uncategorized and was predicted as uncategorized by BI",
  "❌ -35€ - <<CHEQUE 000018112300436857635900 1600 30002>> IS NOT properly predicted as check by local model that said healthExpenses (0.97)",
  "⚠️ -68€ - <<SNC COLLARI 2B2B BASTIA>> was uncategorized and was predicted as uncategorized by BI",
  "✅ -71.95€ - <<FRANPRIX LP COF75PARIS>> is properly predicted as supermarket by BI",
  "⚠️ -10€ - <<BUN'S & CO 75PARIS>> was uncategorized and was predicted as uncategorized by BI",
  "⚠️ -20.95€ - <<BASTIA DISCOUNT2B2B BASTIA>> was uncategorized and was predicted as uncategorized by BI",
  "✅ -34.59€ - <<DELIVEROO.FR DONT FRAIS: 0,00E 34,59EUR 1 EURO = 1,000000>> is properly predicted as bankFees by BI",
  "✅ -13.67€ - <<U EXPRESS 2B2B FURIANI>> is properly predicted as supermarket by BI",
  "✅ -26€ - <<LYDIA APP 75PARIS>> is properly predicted as bankFees by BI",
  "⚠️ -25.2€ - <<LA FONTAINE 75PARIS 11>> was uncategorized and was predicted as uncategorized by BI",
  "⚠️ -8.2€ - <<WOK ADDICT 93LE RAINCY>> was uncategorized and was predicted as uncategorized by BI",
  "⚠️ -29.5€ - <<COSSAG 75PARIS>> was uncategorized and was predicted as uncategorized by BI",
  "✅ -10.5€ - <<COCO LAFAYETTE 75PARIS>> is properly predicted as shoppingECommerce by BI",
  "✅ -2.1€ - <<AUTOST DIREZ.EN DONT FRAIS: 0,00 2,10EUR 1 EURO = 1,000000>> is properly predicted as parkingAndToll by BI",
  "✅ -11.5€ - <<LEMONI CAFE 2 75PARIS>> is properly predicted as restaurantsAndBars by BI",
  "✅ -70€ - <<Alix De Crecy G8851511 train Valence>> is properly predicted as journey by BI",
  "✅ -7€ - <<BRICIOLE DONT FRAIS: 0,00E 7,00EUR 1 EURO = 1,000000>> is properly predicted as bankFees by BI",
  "✅ -11.1€ - <<RELAY 362103SC 94ORLY AEROGARE>> is properly predicted as goingOutCulture by BI",
  "❌ -15€ - <<CHAIR DE POULE 75 PARIS 11>> IS NOT properly predicted as personalCare by local model that said restaurantsAndBars (0.95)",
  "✅ -27€ - <<CENTRO ANTICO S DONT FRAIS: 0,00 27,00EUR 1 EURO = 1,000000>> is properly predicted as bankFees by BI",
  "⚠️ -116€ - <<BIONDI 75PARIS>> was uncategorized and was predicted as uncategorized by BI",
  "❌ 540€ - <<ALIX DE CRECY loyer>> IS NOT properly predicted as rentalIncome by local model that said rent (0.93)",
  "✅ -180€ - <<PARIS>> is properly predicted as professionalExpenses by BI",
  "⚠️ -9.9€ - <<I LOVE BO BUN 75PARIS 9>> was uncategorized and was predicted as uncategorized by BI",
  "✅ -350€ - <<M THOMAS PETITBERGHI>> is properly predicted as internalTransfer by BI",
  "✅ -40€ - <<PARIS>> is properly predicted as professionalExpenses by BI",
  "✅ -0.19€ - <<CONFIRMATION VIREM HT: 0,16/TVA20,00: 0,03 001 MAIL VRT DONT 1 FACTURE>> is properly predicted as dailyLife by BI",
  "⚠️ -34.85€ - <<MARCHE DU FBG 75PARIS>> was uncategorized and was predicted as uncategorized by BI",
  "✅ -26.09€ - <<DELIVEROO.FR DONT FRAIS: 0,00E 26,09EUR 1 EURO = 1,000000>> is properly predicted as bankFees by BI",
  "✅ -37.72€ - <<ATAC 75 PARIS 11>> is properly predicted as supermarket by BI",
  "✅ -623€ - <<SEPA DIRECTION GENE 750183005062233005 111 ++FR46ZZZ005002M175016506417>> is properly predicted as incomeTax by BI",
  "⚠️ -350€ - <<M THOMAS PETITBERGHI>> was uncategorized and was predicted as uncategorized by BI",
  "⚠️ -24€ - <<L HARMONIE 75PARIS>> was uncategorized and was predicted as uncategorized by BI",
  "⚠️ 100€ - <<M THOMAS PETITBERGHI>> was uncategorized and was predicted as uncategorized by BI",
  "⚠️ -8€ - <<CUCINA DA MARIO75PARIS>> was uncategorized and was predicted as uncategorized by BI",
  "✅ -26.1€ - <<NEW HAWAIENNE 75PARIS>> is properly predicted as restaurantsAndBars by BI",
  "⚠️ 350€ - <<M THOMAS PETITBERGHI>> was uncategorized and was predicted as uncategorized by BI",
  "⚠️ 450€ - <<M THOMAS PETITBERGHI>> was uncategorized and was predicted as uncategorized by BI",
  "⚠️ 100€ - <<M THOMAS PETITBERGHI>> was uncategorized and was predicted as uncategorized by BI",
  "⚠️ -350€ - <<M THOMAS PETITBERGHI>> was uncategorized and was predicted as uncategorized by BI",
  "⚠️ -250€ - <<M THOMAS PETITBERGHI>> was uncategorized and was predicted as uncategorized by BI",
  "⚠️ 100€ - <<M THOMAS PETITBERGHI>> was uncategorized and was predicted as uncategorized by BI",
  "⚠️ 100€ - <<M THOMAS PETITBERGHI>> was uncategorized and was predicted as uncategorized by BI",
  "⚠️ -1800€ - <<M THOMAS PETITBERGHI>> was uncategorized and was predicted as uncategorized by BI",
  "⚠️ -700€ - <<M THOMAS PETITBERGHI>> was uncategorized and was predicted as uncategorized by BI",
  "⚠️ 2400€ - <<M THOMAS PETITBERGHI>> was uncategorized and was predicted as uncategorized by BI",
  "✅ 522.03€ - <<INTERETS AU 31/12/17>> is properly predicted as interests by BI",
  "✅ -80.9€ - <<PREL SOC PEL SUR INTERETS DE L ANNEE AU TAUX EN VIGUEUR>> is properly predicted as bankFees by BI",
  "✅ -71.51€ - <<ATAC 75 PARIS 11>> is properly predicted as supermarket by BI",
  "✅ 1250€ - <<M THOMAS PETITBERGHI>> is properly predicted as internalTransfer by BI",
  "✅ -247.37€ - <<SEPA FILIA-MAIF 790 ECHEANCE JANVIER 2019 00100003670904R>> is properly predicted as healthInsurance by BI",
  "✅ -22.6€ - <<LES SAVOYARDS 75PARIS>> is properly predicted as restaurantsAndBars by BI",
  "⚠️ 123.68€ - <<ALIX DE CRECY assurance>> was uncategorized and was predicted as uncategorized by BI",
  "⚠️ -9.4€ - <<SC-BAGEL CORNER75PARIS>> was uncategorized and was predicted as uncategorized by BI",
  "✅ -18.52€ - <<UBER 75PARIS>> is properly predicted as professionalExpenses by BI",
  "✅ -9.99€ - <<SEPA Bouygues Telec Lignes mobiles BT11500OAVV52>> is properly predicted as telecom by BI",
  "✅ -10.3€ - <<LES SAVOYARDS 75PARIS>> is properly predicted as restaurantsAndBars by BI",
  "✅ -14.39€ - <<DELIVEROO.FR DONT FRAIS: 0,00E 14,39EUR 1 EURO = 1,000000>> is properly predicted as bankFees by BI",
  "✅ 100€ - <<M THOMAS PETITBERGHI>> is properly predicted as internalTransfer by BI",
  "✅ -15€ - <<LES GUETTEURS 75PARIS>> is properly predicted as restaurantsAndBars by BI",
  "✅ -10.3€ - <<LES SAVOYARDS 75PARIS>> is properly predicted as restaurantsAndBars by BI",
  "⚠️ -8.4€ - <<MONGOO WHASHING75PARIS>> was uncategorized and was predicted as uncategorized by BI",
  "✅ -1250€ - <<M THOMAS PETITBERGHI>> is properly predicted as internalTransfer by BI",
  "✅ -69.16€ - <<SEPA EDF clients pa Numero de client : 5008757314 - MM9750087573140001>> is properly predicted as power by BI",
  "⚠️ -15.61€ - <<PROXI 20BIGUGLIA>> was uncategorized and was predicted as uncategorized by BI",
  "⚠️ -19€ - <<PROXI 20BIGUGLIA>> was uncategorized and was predicted as uncategorized by BI",
  "✅ -30€ - <<BIGUGLIA>> is properly predicted as professionalExpenses by BI",
  "✅ -10.66€ - <<AFFINEA XCCNV999 2019010200015324000001 CONTRAT CNV0002361245>> is properly predicted as dailyLife by BI",
  "✅ -55€ - <<MR OU MME PETITBERGH Mutuelle>> is properly predicted as internalTransfer by BI",
  "✅ -65.3€ - <<NOCIBE 20FURIANI>> is properly predicted as personalCare by BI",
  "⚠️ -14.3€ - <<PROXI 20BIGUGLIA>> was uncategorized and was predicted as uncategorized by BI",
  "✅ -10.45€ - <<MCDO KEYA 75PARIS 10>> is properly predicted as restaurantsAndBars by BI",
  "✅ 23.49€ - <<INTERETS AU 31/12/18>> is properly predicted as interests by BI",
  "⚠️ -64€ - <<ARMANET GUY 20LUCCIANA>> was uncategorized and was predicted as uncategorized by BI",
  "⚠️ -24.12€ - <<PROXI 20BIGUGLIA>> was uncategorized and was predicted as uncategorized by BI",
  "✅ -209.44€ - <<EASYJET 000 DONT FRAIS: 0,00E 209,44EUR 1 EURO = 1,000000>> is properly predicted as journey by BI",
  "✅ -42.8€ - <<GEANT FURIANI 20FURIANI>> is properly predicted as supermarket by BI",
  "⚠️ 58€ - <<ALIX DE CRECY>> was uncategorized and was predicted as uncategorized by BI",
  "✅ -19.99€ - <<SEPA Bouygues Telec Box BT08500H3UC26>> is properly predicted as telecom by BI",
  "✅ -22€ - <<REST.FAUX FILET75PARIS>> is properly predicted as restaurantsAndBars by BI",
  "⚠️ 90€ - <<ALIX DE CRECY bijoux>> was uncategorized and was predicted as uncategorized by BI",
  "✅ 2055.92€ - <<CPAM 202 BASTIA 1900300004501900300004500875218 02>> is properly predicted as allocations by BI",
  "⚠️ -16.37€ - <<PROXI 20BIGUGLIA>> was uncategorized and was predicted as uncategorized by BI",
  "✅ -100€ - <<MR PETITBERGHIEN ALA ALAIN>> is properly predicted as internalTransfer by BI",
  "✅ -12.92€ - <<EQUIPAGE ESSENTIEL XCCNV013 2018122200013437000001 CONTRAT CNV0000288744>> is properly predicted as dailyLife by BI",
  "⚠️ -65.3€ - <<MASSIMI SANDRA 2B2B BIGUGLIA>> was uncategorized and was predicted as uncategorized by BI",
  "⚠️ -90€ - <<DESPEAUX EMILIE75PARIS 11>> was uncategorized and was predicted as uncategorized by BI",
  "⚠️ -13.57€ - <<MARCHE DU FBG 75PARIS>> was uncategorized and was predicted as uncategorized by BI",
  "✅ -33.99€ - <<DELIVEROO.FR DONT FRAIS: 0,00E 33,99EUR 1 EURO = 1,000000>> is properly predicted as bankFees by BI",
  "✅ 180€ - <<MR PETITBERGHIEN ALA>> is properly predicted as internalTransfer by BI",
  "✅ -120€ - <<IZ *Jawed Krimi DONT FRAIS: 0,00 120,00EUR 1 EURO = 1,000000>> is properly predicted as bankFees by BI",
  "✅ -8.26€ - <<UBER 75PARIS>> is properly predicted as professionalExpenses by BI",
  "⚠️ -15.22€ - <<PROXI 20BIGUGLIA>> was uncategorized and was predicted as uncategorized by BI",
  "⚠️ -9.5€ - <<DAI HL 75PARIS>> was uncategorized and was predicted as uncategorized by BI",
  "✅ -12€ - <<LES CROCS LA PI75PARIS>> is properly predicted as restaurantsAndBars by BI",
  "✅ -30.47€ - <<GEANT FURIANI 20FURIANI>> is properly predicted as supermarket by BI",
  "⚠️ -20€ - <<Alix De Crecy G8851511 kdo bruno>> was uncategorized and was predicted as uncategorized by BI",
  "✅ -15.02€ - <<UBER 75PARIS>> is properly predicted as professionalExpenses by BI",
  "⚠️ -70€ - <<SEPA Prelevement ED Z130111814079 25740 1 F03 PR 257970112381>> was uncategorized and was predicted as uncategorized by BI",
  "⚠️ -24€ - <<SNC ROULET 75PARIS 9>> was uncategorized and was predicted as uncategorized by BI",
  "✅ 500€ - <<MR PETITBERGHIEN ALA ALAIN>> is properly predicted as internalTransfer by BI",
  "✅ -15€ - <<LEPOTCO/S-MONEY75PARIS>> is properly predicted as restaurantsAndBars by BI",
  "⚠️ -64€ - <<MASSIMI SANDRA 2B2B BIGUGLIA>> was uncategorized and was predicted as uncategorized by BI",
  "⚠️ -35€ - <<JEANNE A 75 PARIS 11>> was uncategorized and was predicted as uncategorized by BI",
  "✅ -13.76€ - <<GEANT TA00120FURIANI>> is properly predicted as supermarket by BI",
  "✅ -180€ - <<MR OU MME PETITBERGH>> is properly predicted as internalTransfer by BI",
  "❌ -69€ - <<CHEQUE 000018120500410894075740 1600 30002>> IS NOT properly predicted as check by local model that said healthExpenses (0.97)",
  "⚠️ -64€ - <<MASSIMI SANDRA 2B2B BIGUGLIA>> was uncategorized and was predicted as uncategorized by BI",
  "⚠️ -11.74€ - <<PROXI 20BIGUGLIA>> was uncategorized and was predicted as uncategorized by BI",
  "❌ 540€ - <<ALIX DE CRECY loyer>> IS NOT properly predicted as rentalIncome by local model that said rent (0.93)",
  "⚠️ -20.25€ - <<PROXI 20BIGUGLIA>> was uncategorized and was predicted as uncategorized by BI",
  "✅ 1500€ - <<M THOMAS PETITBERGHI>> is properly predicted as internalTransfer by BI",
  "✅ -1000€ - <<CHRISTIAN UBL G8851511 loyer dec2018>> is properly predicted as rent by local model",
  "⚠️ 3589.6€ - <<COZY CLOUD 11/2018 PETITBERGHIENT>> was uncategorized and was predicted as uncategorized by local model",
  "✅ -40€ - <<LCL PARIS FBG PO>> is properly predicted as professionalExpenses by BI",
  "✅ -9.95€ - <<BEUSCHER VENTS 75PARIS 4>> is properly predicted as booksMoviesMusic by BI",
  "⚠️ 10.48€ - <<MALAKOFF MEDERIC PREVOYA PAIEMENT - Malakoff Mederic Prev oyance - Sante - R18330100965700>> was uncategorized and was predicted as uncategorized by BI",
  "✅ -1300€ - <<M THOMAS PETITBERGHI>> is properly predicted as internalTransfer by BI",
  "⚠️ -117.5€ - <<IKKS GENERAL ST75PARIS>> was uncategorized and was predicted as uncategorized by BI",
  "✅ -25.47€ - <<SPAR CASATORRA 2B2B BIGUGLIA>> is properly predicted as supermarket by BI",
  "⚠️ -64€ - <<ELIARA 2B2B FURIANI>> was uncategorized and was predicted as uncategorized by BI",
  "⚠️ -27.55€ - <<PROXI 20BIGUGLIA>> was uncategorized and was predicted as uncategorized by BI",
  "⚠️ -12.6€ - <<SC-COME 75PARIS>> was uncategorized and was predicted as uncategorized by BI",
  "⚠️ -16.65€ - <<PROXI 20BIGUGLIA>> was uncategorized and was predicted as uncategorized by BI",
  "✅ -59€ - <<AUTOUR BEBE VAD33MERIGNAC>> is properly predicted as toysAndGifts by BI",
  "✅ -1.9€ - <<Sanef 2011-261160SENLIS>> is properly predicted as parkingAndToll by BI",
  "✅ 180€ - <<MR PETITBERGHIEN ALA>> is properly predicted as internalTransfer by BI",
  "⚠️ -24.87€ - <<PROXI 20BIGUGLIA>> was uncategorized and was predicted as uncategorized by BI",
  "⚠️ -9.9€ - <<IYO 75PARIS 9>> was uncategorized and was predicted as uncategorized by BI",
  "⚠️ -64€ - <<MASSIMI SANDRA 2B2B BIGUGLIA>> was uncategorized and was predicted as uncategorized by BI",
  "✅ -425€ - <<SEPA DIRECTION GENE 750183005062233005 111 ++FR46ZZZ005002M175016506417>> is properly predicted as incomeTax by BI",
  "✅ -11.4€ - <<NICOLAS 0535 75PARIS>> is properly predicted as restaurantsAndBars by BI",
  "⚠️ -25€ - <<Alix De Crecy G8851511 Virement de M Thomas Petitberghi>> was uncategorized and was predicted as uncategorized by BI",
  "✅ -10€ - <<LE PETIT CAPUCC75PARIS 9>> is properly predicted as restaurantsAndBars by BI",
  "⚠️ -1.9€ - <<ROMANS HORODAT 26ROMANS - ISER>> was uncategorized and was predicted as uncategorized by BI",
  "✅ -9.99€ - <<SEPA Bouygues Telec Lignes mobiles BT11500OAVV52>> is properly predicted as telecom by BI",
  "⚠️ -17.02€ - <<PROXI 20BIGUGLIA>> was uncategorized and was predicted as uncategorized by BI",
  "✅ -5.65€ - <<PHARMACIE COHEN75PARIS>> is properly predicted as healthExpenses by BI",
  "✅ -127.23€ - <<Europcar DONT FRAIS: 0,00E 127,23EUR 1 EURO = 1,000000>> is properly predicted as vehiculeLoan by BI",
  "⚠️ -16.45€ - <<MARCHE DU FBG 75PARIS>> was uncategorized and was predicted as uncategorized by BI",
  "✅ -10.75€ - <<75719214 PAM 75PARIS>> is properly predicted as homeAndRealEstate by BI",
  "✅ -232.28€ - <<EASYJET 000 DONT FRAIS: 0,00E 232,28EUR 1 EURO = 1,000000>> is properly predicted as journey by BI",
  "✅ -80€ - <<ATM ORY Ouest L DONT FRAIS: 0,00 80,00EUR 1 EURO = 1,000000>> is properly predicted as bankFees by BI",
  "✅ 100€ - <<M THOMAS PETITBERGHI>> is properly predicted as internalTransfer by BI",
  "✅ -100€ - <<M THOMAS PETITBERGHI>> is properly predicted as internalTransfer by BI",
  "⚠️ -24€ - <<JIN ANBO 75PARIS>> was uncategorized and was predicted as uncategorized by BI",
  "⚠️ -35€ - <<LA ROQUETTOISE 75PARIS>> was uncategorized and was predicted as uncategorized by BI",
  "✅ -10€ - <<LEPOTCO/S-MONEY75PARIS>> is properly predicted as restaurantsAndBars by BI",
  "⚠️ 123€ - <<ALIX DE CRECY taxe habitation>> was uncategorized and was predicted as uncategorized by BI",
  "⚠️ -8.2€ - <<WOK ADDICT 93LE RAINCY>> was uncategorized and was predicted as uncategorized by BI",
  "✅ -19.99€ - <<SEPA Bouygues Telec Box BT08500H3UC26>> is properly predicted as telecom by BI",
  "⚠️ 3517.65€ - <<COZY CLOUD 10/2018 PETITBERGHIENT>> was uncategorized and was predicted as uncategorized by local model",
  "✅ 59.21€ - <<CPAM DE PARIS 182890013528182890013528>> is properly predicted as allocations by BI",
  "✅ -369.9€ - <<BackMarket 75PARIS>> is properly predicted as supermarket by BI",
  "✅ -9.99€ - <<SEPA Bouygues Telec Lignes mobiles BT11500OAVV52>> is properly predicted as telecom by BI",
  "⚠️ -13.8€ - <<SAJ 75PARIS>> was uncategorized and was predicted as uncategorized by BI",
  "✅ -24€ - <<LE SELECT 75 PARIS 10>> is properly predicted as restaurantsAndBars by BI",
  "⚠️ -34.2€ - <<MARCHE DU FBG 75PARIS>> was uncategorized and was predicted as uncategorized by BI",
  "✅ -138.01€ - <<CHEQUE 000018101200410739840410 1600 30002>> is properly predicted as check by BI",
  "✅ -40€ - <<LCL PARIS GONCOU>> is properly predicted as professionalExpenses by BI",
  "⚠️ 350€ - <<M THOMAS PETITBERGHI>> was uncategorized and was predicted as uncategorized by BI",
  "⚠️ 100€ - <<M THOMAS PETITBERGHI>> was uncategorized and was predicted as uncategorized by BI",
  "⚠️ 100€ - <<M THOMAS PETITBERGHI>> was uncategorized and was predicted as uncategorized by BI",
  "⚠️ 100€ - <<M THOMAS PETITBERGHI>> was uncategorized and was predicted as uncategorized by BI",
  "⚠️ -200€ - <<M THOMAS PETITBERGHI>> was uncategorized and was predicted as uncategorized by BI",
]
`;

exports[`Chain of predictions should correctly predict transactions of banquepostale 1`] = `
Array [
  "✅ -13.18€ - <<ACHAT CB NATURALIA 08.01.19 CARTE NUMERO 150>> is properly predicted as supermarket by BI",
  "✅ -16.95€ - <<ACHAT CB JustEatCo 02.01.19 CARTE NUMERO 150>> is properly predicted as savings by BI",
  "✅ -15€ - <<ACHAT CB WASHINGTON POS 16.01.19 CARTE NUMERO 150>> is properly predicted as savings by BI",
  "✅ -4€ - <<ACHAT CB MICHEL ONFRAY 08.01.19 CARTE NUMERO 150>> is properly predicted as savings by BI",
  "✅ -29.44€ - <<ACHAT CB NATURALIA 09.01.19 CARTE NUMERO 150>> is properly predicted as supermarket by BI",
  "✅ -10€ - <<ACHAT CB LE BARON 16.01.19 CARTE NUMERO 150>> is properly predicted as savings by BI",
  "✅ -26.34€ - <<ACHAT CB BIO C BON IDF 31.12.18 CARTE NUMERO 150>> is properly predicted as savings by BI",
  "✅ -0.6€ - <<ACHAT CB HAGD CHAMPS EL 07.01.19 CARTE NUMERO 150>> is properly predicted as savings by BI",
  "✅ -75.2€ - <<PRELEVEMENT DE Navigo Annuel - G COMUTITRES REF : 3/50214014033729/490228199 Navigo Annuel>> is properly predicted as publicTransportation by BI",
  "✅ -29.95€ - <<PRELEVEMENT DE FITNESS PARK LEVA IS-NEUILLY REF : ID102893538.100023174 FITNESS PARK LEVALLOIS-NEUILLLY>> is properly predicted as dailyLife by BI",
  "✅ -12.29€ - <<ACHAT CB UBER 13.01.19 CARTE NUMERO 150>> is properly predicted as savings by BI",
  "✅ -6€ - <<ACHAT CB LE BARON 17.01.19 CARTE NUMERO 150>> is properly predicted as savings by BI",
  "✅ -47.5€ - <<ACHAT CB FROG TOLBIAC 31.12.18 CARTE NUMERO 150>> is properly predicted as savings by BI",
  "✅ -36.4€ - <<ACHAT CB JAY ET JOY 21.12.18 CARTE NUMERO 150>> is properly predicted as savings by BI",
  "✅ -4.08€ - <<ACHAT CB SM CASINO CS94 30.12.18 CARTE NUMERO 150>> is properly predicted as supermarket by BI",
  "✅ -8€ - <<ACHAT CB BRAUN NOTES 19.12.18 CARTE NUMERO 150>> is properly predicted as savings by BI",
  "✅ -45.72€ - <<ACHAT CB MONOPRIX 0043 14.12.18 CARTE NUMERO 150>> is properly predicted as supermarket by BI",
  "✅ -18.82€ - <<ACHAT CB ALMABIO BIOCOO 19.12.18 CARTE NUMERO 150>> is properly predicted as savings by BI",
  "✅ -8.5€ - <<ACHAT CB DAI HL 14.12.18 CARTE NUMERO 150>> is properly predicted as savings by BI",
  "✅ 37.02€ - <<INTERETS ACQUIS DECOMPTE D'INTERETS>> is properly predicted as interests by BI",
  "✅ -448€ - <<ACHAT CB TRAVELTOOL ES 10.12.18 EUR 448,00 CARTE NO 150>> is properly predicted as savings by BI",
  "✅ -6.3€ - <<ACHAT CB LANDEMAINE ASN 22.12.18 CARTE NUMERO 150>> is properly predicted as savings by BI",
  "✅ -7.29€ - <<ACHAT CB MONOPRIX 28.12.18 CARTE NUMERO 150>> is properly predicted as supermarket by BI",
  "✅ -31.5€ - <<ACHAT CB TRAINLINE 21.12.18 EUR 31,50 CARTE NO 150>> is properly predicted as savings by BI",
  "✅ -106.06€ - <<PRELEVEMENT DE ELECTRICITE DE FR E REF : Z022543300572 11408 1 SI 114>> is properly predicted as power by BI",
  "✅ -4€ - <<ACHAT CB MICHEL ONFRAY 08.12.18 CARTE NUMERO 150>> is properly predicted as savings by BI",
  "✅ -7.49€ - <<ACHAT CB UBER 28.11.18 CARTE NUMERO 150>> is properly predicted as savings by BI",
  "✅ -29.95€ - <<PRELEVEMENT DE FITNESS PARK LEVA IS-NEUILLY REF : ID102785675.100023174 FITNESS PARK LEVALLOIS-NEUILLLY>> is properly predicted as dailyLife by BI",
  "✅ -75.2€ - <<PRELEVEMENT DE Navigo Annuel - G COMUTITRES REF : 3/50214014033729/486593253 Navigo Annuel>> is properly predicted as publicTransportation by BI",
  "✅ -7€ - <<ACHAT CB SUB-2 29.11.18 CARTE NUMERO 150>> is properly predicted as savings by BI",
  "✅ -8.5€ - <<ACHAT CB DAI HL 07.12.18 CARTE NUMERO 150>> is properly predicted as savings by BI",
  "✅ -5.78€ - <<ACHAT CB NATURALIA 04.12.18 CARTE NUMERO 150>> is properly predicted as supermarket by BI",
  "✅ -8.5€ - <<ACHAT CB DAI HL 16.11.18 CARTE NUMERO 150>> is properly predicted as savings by BI",
  "✅ -21€ - <<ACHAT CB INTERMEDE 12.11.18 CARTE NUMERO 150>> is properly predicted as savings by BI",
  "✅ -39.99€ - <<ACHAT CB FNAC.COM 12.11.18 CARTE NUMERO 150>> is properly predicted as booksMoviesMusic by BI",
  "✅ -5.77€ - <<ACHAT CB UBER TRIP LJB4 16.11.18 EUR 5,77 CARTE NO 150>> is properly predicted as dailyLife by BI",
  "✅ -5.3€ - <<ACHAT CB MCDONALDS 20.11.18 CARTE NUMERO 150>> is properly predicted as restaurantsAndBars by BI",
  "✅ -29.95€ - <<PRELEVEMENT DE FITNESS PARK LEVA IS-NEUILLY REF : ID102671962.100023174 FITNESS PARK LEVALLOIS-NEUILLLY>> is properly predicted as dailyLife by BI",
  "✅ -20€ - <<ACHAT CB LES CHAMPS M 01.11.18 CARTE NUMERO 150>> is properly predicted as savings by BI",
  "✅ -3.9€ - <<ACHAT CB LANDEMAINE ASN 29.10.18 CARTE NUMERO 150>> is properly predicted as savings by BI",
  "✅ -16€ - <<ACHAT CB LA COMETE SC02 18.10.18 CARTE NUMERO 150>> is properly predicted as dailyLife by BI",
  "✅ -2.9€ - <<ACHAT CB BOULANGERIE OP 07.11.18 CARTE NUMERO 150>> is properly predicted as supermarket by BI",
  "✅ -13.08€ - <<ACHAT CB MONOPRIX 26.10.18 CARTE NUMERO 150>> is properly predicted as supermarket by BI",
  "✅ -78.47€ - <<ACHAT CB L EAU VIVE 13.10.18 CARTE NUMERO 150>> is properly predicted as savings by BI",
  "✅ -8.94€ - <<ACHAT CB MONOPRIX 16.10.18 CARTE NUMERO 150>> is properly predicted as supermarket by BI",
  "✅ -8.5€ - <<ACHAT CB DAI HL 25.10.18 CARTE NUMERO 150>> is properly predicted as savings by BI",
  "✅ -9.52€ - <<ACHAT CB MONOPRIX 13.10.18 CARTE NUMERO 150>> is properly predicted as supermarket by BI",
  "✅ -20.37€ - <<ACHAT CB MONOPRIX 18.10.18 CARTE NUMERO 150>> is properly predicted as supermarket by BI",
  "✅ -8.77€ - <<ACHAT CB MONOPRIX 23.10.18 CARTE NUMERO 150>> is properly predicted as supermarket by BI",
  "✅ -9.09€ - <<ACHAT CB ALMABIO BIOCOO 10.10.18 CARTE NUMERO 150>> is properly predicted as savings by BI",
  "✅ -27.63€ - <<ACHAT CB MONOPRIX 01.10.18 CARTE NUMERO 150>> is properly predicted as supermarket by BI",
  "✅ -12.8€ - <<ACHAT CB MONOPRIX 28.09.18 CARTE NUMERO 150>> is properly predicted as supermarket by BI",
  "✅ -880€ - <<VIREMENT PERMANENT POUR SCI PHOTOSTAT COMPTE FR76300030112000025713136 REFERENCE : 0226274800351301>> is properly predicted as dailyLife by BI",
  "✅ -7.69€ - <<ACHAT CB MONOPRIX 25.09.18 CARTE NUMERO 150>> is properly predicted as supermarket by BI",
  "✅ -3.55€ - <<ACHAT CB MONOPRIX 24.09.18 CARTE NUMERO 150>> is properly predicted as supermarket by BI",
  "✅ -21.14€ - <<ACHAT CB UBER 21.09.18 CARTE NUMERO 150>> is properly predicted as savings by BI",
  "✅ -6.5€ - <<ACHAT CB F2019 HEMA 24.09.18 CARTE NUMERO 150>> is properly predicted as savings by BI",
  "✅ -5.14€ - <<ACHAT CB ALMABIO BIOCOO 11.09.18 CARTE NUMERO 594>> is properly predicted as savings by BI",
  "✅ -4.4€ - <<ACHAT CB LANDEMAINE ASN 13.09.18 CARTE NUMERO 594>> is properly predicted as savings by BI",
  "✅ -106.06€ - <<PRELEVEMENT DE ELECTRICITE DE FR E REF : Z011744736673 11408 1 SI 114>> is properly predicted as power by BI",
  "✅ -5.57€ - <<ACHAT CB CARREFOUR CITY 08.09.18 CARTE NUMERO 594>> is properly predicted as savings by BI",
  "✅ -8.7€ - <<ACHAT CB MARSHEL 07.09.18 CARTE NUMERO 594>> is properly predicted as savings by BI",
  "✅ -3.19€ - <<ACHAT CB MONOPRIX 0043 14.09.18 CARTE NUMERO 594>> is properly predicted as supermarket by BI",
  "✅ -14€ - <<ACHAT CB GRANDES TABLES 07.09.18 CARTE NUMERO 594>> is properly predicted as savings by BI",
  "✅ -39.01€ - <<ACHAT CB CARREFOUR CITY 08.09.18 CARTE NUMERO 594>> is properly predicted as savings by BI",
  "✅ -7.9€ - <<ACHAT CB SUBWAY COURSJU 08.09.18 CARTE NUMERO 594>> is properly predicted as savings by BI",
  "⚠️ 7.5€ - <<VIREMENT DE MALAKOFF MEDERIC PRE ANCE R182471001315001-35752330 PAIEMENT - Malakoff Mederic Prev>> was uncategorized and was predicted as uncategorized by BI",
  "✅ -33.82€ - <<ACHAT CB AMAZON PAYMENT 06.09.18 CARTE NUMERO 594>> is properly predicted as shoppingECommerce by BI",
  "✅ -8.58€ - <<ACHAT CB FRANPRIX LP CO 03.09.18 CARTE NUMERO 594>> is properly predicted as supermarket by BI",
  "✅ -5.7€ - <<ACHAT CB MONOPRIX 0043 04.09.18 CARTE NUMERO 594>> is properly predicted as supermarket by BI",
  "✅ -0.98€ - <<FRAIS EMISSION DE VIREMENT PERMANENT DE REF : 0226XXXXXXXX4529>> is properly predicted as bankFees by BI",
  "✅ -11€ - <<ACHAT CB BUN S CO 31.08.18 CARTE NUMERO 594>> is properly predicted as savings by BI",
  "✅ -40€ - <<ACHAT CB GUEGNAUD JEAN 31.08.18 CARTE NUMERO 594>> is properly predicted as savings by BI",
  "✅ -29.95€ - <<PRELEVEMENT DE FITNESS PARK LEVA IS-NEUILLY REF : ID102404108.100023174 FITNESS PARK LEVALLOIS-NEUILLLY>> is properly predicted as dailyLife by BI",
  "✅ -44.99€ - <<PRELEVEMENT DE Orange REF : 20094045875578173356528474 0 Votre abonnement mobile: 06XXXXX>> is properly predicted as telecom by BI",
  "✅ -21€ - <<ACHAT CB INTERMEDE 24.08.18 CARTE NUMERO 594>> is properly predicted as savings by BI",
  "✅ -8.5€ - <<ACHAT CB DAI HL 29.08.18 CARTE NUMERO 594>> is properly predicted as savings by BI",
  "✅ -72.18€ - <<ACHAT CB AIRBNB 27.08.18 EUR 72,18 CARTE NO 594>> is properly predicted as savings by BI",
  "✅ -26.25€ - <<ACHAT CB ALMABIO BIOCOO 21.08.18 CARTE NUMERO 594>> is properly predicted as savings by BI",
  "✅ -6.8€ - <<ACHAT CB KEOLIS BM TBC 14.08.18 CARTE NUMERO 594>> is properly predicted as publicTransportation by BI",
  "✅ -7.79€ - <<ACHAT CB CARREFOUR XP 14.08.18 CARTE NUMERO 594>> is properly predicted as savings by BI",
  "✅ -106.06€ - <<PRELEVEMENT DE ELECTRICITE DE FR E REF : Z017410494747 11408 1 SI 114>> is properly predicted as power by BI",
  "✅ -40.58€ - <<ACHAT CB MONOPRIX 0043 18.08.18 CARTE NUMERO 594>> is properly predicted as supermarket by BI",
  "✅ -5€ - <<ACHAT CB SNCF OUIGO 12.08.18 CARTE NUMERO 594>> is properly predicted as journey by BI",
  "✅ -8.5€ - <<ACHAT CB SUB-2 21.08.18 CARTE NUMERO 594>> is properly predicted as savings by BI",
  "✅ -12€ - <<ACHAT CB SAN NICOLAS 13.08.18 CARTE NUMERO 594>> is properly predicted as savings by BI",
  "✅ -50€ - <<VIREMENT EMIS A PARIS TRINITE P SOPHIA SILVA COMPTE FR5920041010071453982N038 REFERENCE : 0002221802000051>> is properly predicted as dailyLife by BI",
  "✅ -93€ - <<VIREMENT EMIS A PARIS TRINITE P CLEMENT FLORIO COMPTE FR76406188028400040031053 WEEK END MARSEILLE>> is properly predicted as dailyLife by BI",
  "✅ -29.95€ - <<PRELEVEMENT DE FITNESS PARK LEVA IS-NEUILLY REF : ID102307029.100023174 FITNESS PARK LEVALLOIS-NEUILLLY>> is properly predicted as dailyLife by BI",
  "✅ -4.66€ - <<ACHAT CB CARREFOUR CITY 02.08.18 CARTE NUMERO 594>> is properly predicted as savings by BI",
  "✅ -9.25€ - <<ACHAT CB DELICES DU R D 03.08.18 CARTE NUMERO 594>> is properly predicted as savings by BI",
  "⚠️ 2970.57€ - <<VIREMENT DE COZY CLOUD COZY-CLOUD.20180730.M43.391.2023 07/2018 SilvaS REFERENCE : 0190211800083041>> was uncategorized and was predicted as uncategorized by BI",
  "✅ -13.44€ - <<ACHAT CB UBER 27.07.18 CARTE NUMERO 594>> is properly predicted as savings by BI",
  "✅ -15.16€ - <<ACHAT CB MONOPRIX 2362 31.07.18 CARTE NUMERO 594>> is properly predicted as supermarket by BI",
  "✅ -15.5€ - <<ACHAT CB BRASS LA BOETI 02.08.18 CARTE NUMERO 594>> is properly predicted as savings by BI",
  "✅ -9.81€ - <<ACHAT CB MONOPRIX 0043 28.07.18 CARTE NUMERO 594>> is properly predicted as supermarket by BI",
  "✅ -14.9€ - <<ACHAT CB DECATHLON 25.07.18 CARTE NUMERO 594>> is properly predicted as activityFees by BI",
  "✅ -273.73€ - <<ACHAT CB AIRBNB 24.07.18 EUR 273,73 CARTE NO 594>> is properly predicted as savings by BI",
  "✅ -34€ - <<ACHAT CB LA COMETE 02 26.07.18 CARTE NUMERO 594>> is properly predicted as savings by BI",
  "✅ -80€ - <<ACHAT CB Cashless Weeze 22.07.18 EUR 80,00 CARTE NO 594>> is properly predicted as savings by BI",
  "✅ -37€ - <<ACHAT CB PETITSPLATS EM 21.07.18 CARTE NUMERO 594>> is properly predicted as savings by BI",
  "✅ -5.99€ - <<ACHAT CB AMAZON.FR/PREM 24.07.18 CARTE NUMERO 594>> is properly predicted as shoppingECommerce by BI",
  "✅ -40€ - <<ACHAT CB DECATHLON 25.07.18 CARTE NUMERO 594>> is properly predicted as activityFees by BI",
  "✅ -11.32€ - <<ACHAT CB UBER 26.07.18 CARTE NUMERO 594>> is properly predicted as savings by BI",
  "✅ -60€ - <<CARTE X0594 22/07/18 A 11H42 RETRAIT DAB LA BANQUE POSTALE>> is properly predicted as professionalExpenses by BI",
  "✅ -15€ - <<ACHAT CB LEPOTCO/S-MONE 24.07.18 CARTE NUMERO 594>> is properly predicted as savings by BI",
  "✅ -15€ - <<ACHAT CB LEPOTCO/S-MONE 20.07.18 CARTE NUMERO 594>> is properly predicted as savings by BI",
  "✅ 1000€ - <<REMISE DE CHEQUES DU 03/01/2019>> is properly predicted as activityIncome by BI",
  "✅ -36.4€ - <<ACHAT CB CAFE BIERGIT 03.01.19 CARTE NUMERO 150>> is properly predicted as restaurantsAndBars by BI",
  "✅ -138.6€ - <<CHEQUE N 5491002>> is properly predicted as check by BI",
  "✅ -17€ - <<ACHAT CB COJEAN WASHING 08.01.19 CARTE NUMERO 150>> is properly predicted as restaurantsAndBars by BI",
  "✅ -3.9€ - <<ACHAT CB LANDEMAINE ASN 03.01.19 CARTE NUMERO 150>> is properly predicted as savings by BI",
  "✅ -30€ - <<CARTE X8150 20/01/19 A 14H26 RETRAIT DAB LA BANQUE POSTALE>> is properly predicted as professionalExpenses by BI",
  "✅ -12.87€ - <<ACHAT CB NATURALIA 14.01.19 CARTE NUMERO 150>> is properly predicted as supermarket by BI",
  "✅ -13.32€ - <<ACHAT CB LE RETOUR A LA 07.01.19 CARTE NUMERO 150>> is properly predicted as savings by BI",
  "✅ -0.98€ - <<FRAIS EMISSION DE VIREMENT PERMANENT DE REF : 0226002900030061>> is properly predicted as bankFees by BI",
  "✅ -4.94€ - <<ACHAT CB NATURALIA 03.01.19 CARTE NUMERO 150>> is properly predicted as supermarket by BI",
  "✅ -60.51€ - <<PRELEVEMENT DE ELECTRICITE DE FR E REF : Z013944668684 11408 1 SI 114>> is properly predicted as power by BI",
  "✅ -24.9€ - <<ACHAT CB UNIQLO 75 PARI 05.01.19 CARTE NUMERO 150>> is properly predicted as dressing by BI",
  "✅ -44.99€ - <<PRELEVEMENT DE Orange REF : 20094045875503964056776038 0 Votre abonnement mobile: 06XXXXX>> is properly predicted as telecom by BI",
  "✅ -40€ - <<ACHAT CB SNCF INTERNET 23.12.18 CARTE NUMERO 150>> is properly predicted as journey by BI",
  "✅ -11€ - <<ACHAT CB FERME LEVALLOI 12.12.18 CARTE NUMERO 150>> is properly predicted as savings by BI",
  "✅ -2€ - <<ACHAT CB UBER 14.12.18 CARTE NUMERO 150>> is properly predicted as savings by BI",
  "✅ -12.5€ - <<ACHAT CB ABSOLU CAFE 13.12.18 CARTE NUMERO 150>> is properly predicted as restaurantsAndBars by BI",
  "✅ -60€ - <<ACHAT CB SOGOOSTO 15.12.18 CARTE NUMERO 150>> is properly predicted as savings by BI",
  "✅ -8.5€ - <<ACHAT CB DAI HL 19.12.18 CARTE NUMERO 150>> is properly predicted as savings by BI",
  "✅ -9.3€ - <<ACHAT CB L AUTRE BOULAN 14.12.18 CARTE NUMERO 150>> is properly predicted as savings by BI",
  "✅ -24.5€ - <<ACHAT CB JANLOU 17.12.18 CARTE NUMERO 150>> is properly predicted as savings by BI",
  "✅ -256€ - <<ACHAT CB TRANSAVIA 10.12.18 CARTE NUMERO 150>> is properly predicted as journey by BI",
  "✅ -17.15€ - <<ACHAT CB ALMABIO BIOCOO 03.12.18 CARTE NUMERO 150>> is properly predicted as savings by BI",
  "✅ -18.99€ - <<ACHAT CB AMAZON PAYMENT 07.12.18 CARTE NUMERO 150>> is properly predicted as shoppingECommerce by BI",
  "✅ -7.68€ - <<ACHAT CB SM CASINO CS94 30.11.18 CARTE NUMERO 150>> is properly predicted as supermarket by BI",
  "✅ -3.9€ - <<ACHAT CB LANDEMAINE ASN 03.12.18 CARTE NUMERO 150>> is properly predicted as savings by BI",
  "✅ -8.5€ - <<ACHAT CB DAI HL 30.11.18 CARTE NUMERO 150>> is properly predicted as savings by BI",
  "✅ -7.09€ - <<ACHAT CB MONOPRIX 07.12.18 CARTE NUMERO 150>> is properly predicted as supermarket by BI",
  "✅ -186.97€ - <<ACHAT CB BLURB INC 27.11.18 EUR 186,97 CARTE NO 150>> is properly predicted as savings by BI",
  "✅ -880€ - <<VIREMENT PERMANENT POUR SCI PHOTOSTAT COMPTE FR76300030112000025713136 REFERENCE : 0226337800371129>> is properly predicted as dailyLife by BI",
  "✅ -16.95€ - <<ACHAT CB ALMABIO BIOCOO 27.11.18 CARTE NUMERO 150>> is properly predicted as savings by BI",
  "✅ -13.41€ - <<ACHAT CB ALMABIO BIOCOO 26.11.18 CARTE NUMERO 150>> is properly predicted as savings by BI",
  "✅ -3.63€ - <<ACHAT CB MONOPRIX 23.11.18 CARTE NUMERO 150>> is properly predicted as supermarket by BI",
  "✅ -13.88€ - <<ACHAT CB MONOPRIX 19.11.18 CARTE NUMERO 150>> is properly predicted as supermarket by BI",
  "✅ -5.6€ - <<ACHAT CB SAJ 08.11.18 CARTE NUMERO 150>> is properly predicted as savings by BI",
  "⚠️ 6.5€ - <<VIREMENT DE COZY CLOUD ndf cozy cloud NDF COZY CLOUD REFERENCE : 0190320800101003>> was uncategorized and was predicted as uncategorized by BI",
  "✅ -15.4€ - <<ACHAT CB POCH SARL 14.11.18 CARTE NUMERO 150>> is properly predicted as savings by BI",
  "✅ -3.9€ - <<ACHAT CB LANDEMAINE ASN 19.11.18 CARTE NUMERO 150>> is properly predicted as savings by BI",
  "✅ -8.5€ - <<ACHAT CB DAI HL 09.11.18 CARTE NUMERO 150>> is properly predicted as savings by BI",
  "✅ -9.85€ - <<ACHAT CB ALMABIO BIOCOO 19.11.18 CARTE NUMERO 150>> is properly predicted as savings by BI",
  "✅ -30.5€ - <<ACHAT CB ALMABIO BIOCOO 05.11.18 CARTE NUMERO 150>> is properly predicted as savings by BI",
  "✅ -3.9€ - <<ACHAT CB LANDEMAINE ASN 05.11.18 CARTE NUMERO 150>> is properly predicted as savings by BI",
  "✅ -0.98€ - <<FRAIS EMISSION DE VIREMENT PERMANENT DE REF : 0226306800029864>> is properly predicted as bankFees by BI",
  "✅ -44.99€ - <<PRELEVEMENT DE Orange REF : 20094045875582881356652156 0 Votre abonnement mobile: 06XXXXX>> is properly predicted as telecom by BI",
  "✅ -880€ - <<VIREMENT PERMANENT POUR SCI PHOTOSTAT COMPTE FR76300030112000025713136 REFERENCE : 0226306800298645>> is properly predicted as dailyLife by BI",
  "✅ -37.49€ - <<ACHAT CB WP MILANOO.COM 05.11.18 CARTE NUMERO 150>> is properly predicted as savings by BI",
  "✅ -106.06€ - <<PRELEVEMENT DE ELECTRICITE DE FR E REF : Z012283920232 11408 1 SI 114>> is properly predicted as power by BI",
  "✅ -4.4€ - <<ACHAT CB LANDEMAINE ASN 25.10.18 CARTE NUMERO 150>> is properly predicted as savings by BI",
  "✅ -11.9€ - <<ACHAT CB LANDEMAINE ASN 03.11.18 CARTE NUMERO 150>> is properly predicted as savings by BI",
  "✅ -75.2€ - <<PRELEVEMENT DE Navigo Annuel - G COMUTITRES REF : 3/50214014033729/480563405 Navigo Annuel>> is properly predicted as publicTransportation by BI",
  "✅ -29.4€ - <<ACHAT CB ALMABIO BIOCOO 22.10.18 CARTE NUMERO 150>> is properly predicted as savings by BI",
  "✅ -11€ - <<ACHAT CB BUN S CO 18.10.18 CARTE NUMERO 150>> is properly predicted as savings by BI",
  "✅ -15€ - <<ACHAT CB LEPOTCO/S-MONE 15.10.18 CARTE NUMERO 150>> is properly predicted as savings by BI",
  "✅ -1.6€ - <<ACHAT CB LANDEMAINE ASN 15.10.18 CARTE NUMERO 150>> is properly predicted as savings by BI",
  "✅ -4.3€ - <<ACHAT CB FRANPRIX LP CO 11.10.18 CARTE NUMERO 150>> is properly predicted as supermarket by BI",
  "✅ -3.8€ - <<ACHAT CB MONOPRIX 05.10.18 CARTE NUMERO 150>> is properly predicted as supermarket by BI",
  "✅ -4€ - <<ACHAT CB MICHEL ONFRAY 08.10.18 CARTE NUMERO 150>> is properly predicted as savings by BI",
  "✅ -8.5€ - <<ACHAT CB DAI HL 04.10.18 CARTE NUMERO 150>> is properly predicted as savings by BI",
  "✅ -20€ - <<ACHAT CB LA COMETE SC02 05.10.18 CARTE NUMERO 150>> is properly predicted as dailyLife by BI",
  "✅ -3.9€ - <<ACHAT CB LANDEMAINE ASN 07.10.18 CARTE NUMERO 150>> is properly predicted as savings by BI",
  "✅ -21.09€ - <<COTISATION TRIMESTRIELLE DE VOTRE FORMULE DE COMPTE>> is properly predicted as tax by BI",
  "✅ -319.99€ - <<ACHAT CB AMAZON EU SARL 02.10.18 CARTE NUMERO 150>> is properly predicted as shoppingECommerce by BI",
  "✅ -26.63€ - <<ACHAT CB ALMABIO BIOCOO 08.10.18 CARTE NUMERO 150>> is properly predicted as savings by BI",
  "✅ -80.5€ - <<ACHAT CB TERRANOVA 03.10.18 CARTE NUMERO 150>> is properly predicted as savings by BI",
  "✅ -5.69€ - <<ACHAT CB SM CASINO CS94 06.10.18 CARTE NUMERO 150>> is properly predicted as supermarket by BI",
  "✅ -15€ - <<ACHAT CB LEPOTCO/S-MONE 27.09.18 CARTE NUMERO 150>> is properly predicted as savings by BI",
  "✅ -4.5€ - <<ACHAT CB BRAUN 28.09.18 CARTE NUMERO 150>> is properly predicted as savings by BI",
  "✅ -9.5€ - <<ACHAT CB DAI HL 28.09.18 CARTE NUMERO 150>> is properly predicted as savings by BI",
  "⚠️ 162€ - <<VIREMENT DE COZY CLOUD COZY NDF REFERENCE : 0190263800022001>> was uncategorized and was predicted as uncategorized by BI",
  "✅ -4.4€ - <<ACHAT CB LANDEMAINE ASN 18.09.18 CARTE NUMERO 150>> is properly predicted as savings by BI",
  "✅ -8€ - <<ACHAT CB NATURE ET TEND 10.09.18 CARTE NUMERO 594>> is properly predicted as savings by BI",
  "✅ -9.7€ - <<ACHAT CB WOK ADDICT 21.09.18 CARTE NUMERO 150>> is properly predicted as savings by BI",
  "✅ -1.65€ - <<ACHAT CB MONOPRIX 24.09.18 CARTE NUMERO 150>> is properly predicted as supermarket by BI",
  "✅ -5.25€ - <<ACHAT CB STARBUCKS COFF 10.09.18 CARTE NUMERO 594>> is properly predicted as restaurantsAndBars by BI",
  "✅ -12.15€ - <<ACHAT CB MONOPRIX 2362 10.09.18 CARTE NUMERO 594>> is properly predicted as supermarket by BI",
  "✅ -32€ - <<ACHAT CB GRANDES TABLES 07.09.18 CARTE NUMERO 594>> is properly predicted as savings by BI",
  "✅ -15€ - <<ACHAT CB LEPOTCO/S-MONE 07.09.18 CARTE NUMERO 594>> is properly predicted as savings by BI",
  "✅ -26.5€ - <<ACHAT CB LA RACLETTE 09.09.18 CARTE NUMERO 594>> is properly predicted as savings by BI",
  "✅ -12€ - <<ACHAT CB FOURNIL DE LA 09.09.18 CARTE NUMERO 594>> is properly predicted as savings by BI",
  "✅ -57.96€ - <<ACHAT CB HIPAYWALLET.CO 02.09.18 CARTE NUMERO 594>> is properly predicted as savings by BI",
  "✅ -880€ - <<VIREMENT PERMANENT POUR SCI PHOTOSTAT COMPTE FR76300030112000025713136 REFERENCE : 0226246800345294>> is properly predicted as dailyLife by BI",
  "✅ -75.2€ - <<PRELEVEMENT DE Navigo Annuel - G COMUTITRES REF : 3/50214014033729/471314921 Navigo Annuel>> is properly predicted as publicTransportation by BI",
  "✅ -153.76€ - <<ACHAT CB AIRBNB 25.08.18 EUR 153,76 CARTE NO 594>> is properly predicted as savings by BI",
  "✅ -34.26€ - <<ACHAT CB MONOPRIX 2362 03.09.18 CARTE NUMERO 594>> is properly predicted as supermarket by BI",
  "✅ 16€ - <<VIREMENT DE CPAM DES HAUTS DE SE 182470010735 182470010735182470010735 REFERENCE : 0190248800044001>> is properly predicted as allocations by BI",
  "✅ -97.96€ - <<ACHAT CB 3 SUISSES 28.08.18 CARTE NUMERO 594>> is properly predicted as savings by BI",
  "✅ -32€ - <<ACHAT CB KOKOMO 17.08.18 CARTE NUMERO 594>> is properly predicted as savings by BI",
  "⚠️ 75.31€ - <<VIREMENT DE M FIORIO CLEMENT Airbnb Marseille REFERENCE : 0190240800064010>> was uncategorized and was predicted as uncategorized by BI",
  "✅ -12€ - <<ACHAT CB TERRASSE ST PI 13.08.18 CARTE NUMERO 594>> is properly predicted as savings by BI",
  "✅ -11€ - <<ACHAT CB AUX CHANTIERS 16.08.18 CARTE NUMERO 594>> is properly predicted as savings by BI",
  "✅ -18.3€ - <<ACHAT CB SAN NICOLAS 17.08.18 CARTE NUMERO 594>> is properly predicted as savings by BI",
  "✅ -3.5€ - <<ACHAT CB JARDIN D ASNIE 24.08.18 CARTE NUMERO 594>> is properly predicted as savings by BI",
  "✅ -42.5€ - <<ACHAT CB RESTO 16.08.18 CARTE NUMERO 594>> is properly predicted as savings by BI",
  "✅ -33€ - <<ACHAT CB OSTERIA PIZZER 13.08.18 CARTE NUMERO 594>> is properly predicted as savings by BI",
  "✅ -8.6€ - <<ACHAT CB CATRANS GIROND 14.08.18 CARTE NUMERO 594>> is properly predicted as savings by BI",
  "✅ -3.3€ - <<FRAIS EMISSION DE VIREMENT>> is properly predicted as bankFees by BI",
  "✅ -35.06€ - <<ACHAT CB MONOPRIX 2362 06.08.18 CARTE NUMERO 594>> is properly predicted as supermarket by BI",
  "✅ -20.5€ - <<ACHAT CB LA COMETE 02 09.08.18 CARTE NUMERO 594>> is properly predicted as savings by BI",
  "✅ 25.19€ - <<CREDIT CARTE BANCAIRE WWW.ASOS.COM 08.08.18 FRANCE CARTE NUMERO 594>> is properly predicted as additionalIncome by BI",
  "✅ -0.98€ - <<FRAIS EMISSION DE VIREMENT PERMANENT DE REF : 0226213800020052>> is properly predicted as bankFees by BI",
  "✅ -7.98€ - <<ACHAT CB CARREFOUR CITY 01.08.18 CARTE NUMERO 594>> is properly predicted as savings by BI",
  "✅ -44.99€ - <<PRELEVEMENT DE Orange REF : 20094045875545334856467020 0 Votre abonnement mobile: 06XXXXX>> is properly predicted as telecom by BI",
  "✅ -102.1€ - <<ACHAT CB TRAINLINE 30.07.18 EUR 102,10 CARTE NO 594>> is properly predicted as savings by BI",
  "✅ -8.79€ - <<ACHAT CB ALMABIO BIOCOO 27.07.18 CARTE NUMERO 594>> is properly predicted as savings by BI",
  "✅ -11€ - <<ACHAT CB BUN S CO 27.07.18 CARTE NUMERO 594>> is properly predicted as savings by BI",
  "⚠️ 290.78€ - <<VIREMENT DE S-MONEY pot de depart pierre LEPOTCOMMUN FR REFERENCE : 0190XXXXXXXX3035>> was uncategorized and was predicted as uncategorized by BI",
  "✅ -6.39€ - <<ACHAT CB AMAZON EU SARL 21.07.18 CARTE NUMERO 594>> is properly predicted as shoppingECommerce by BI",
  "✅ -8.76€ - <<ACHAT CB MONOPRIX 2362 23.07.18 CARTE NUMERO 594>> is properly predicted as supermarket by BI",
  "✅ -19.9€ - <<ACHAT CB VALLY 26.07.18 CARTE NUMERO 594>> is properly predicted as savings by BI",
  "✅ -299€ - <<ACHAT CB SPORT-DECOUVER 25.07.18 CARTE NUMERO 594>> is properly predicted as savings by BI",
  "✅ -11.23€ - <<ACHAT CB ALMABIO BIOCOO 19.07.18 CARTE NUMERO 594>> is properly predicted as savings by BI",
  "✅ -1.35€ - <<ACHAT CB BOULANGERIE OP 20.07.18 CARTE NUMERO 594>> is properly predicted as supermarket by BI",
  "⚠️ 6000€ - <<VIREMENT DE MR SILVA SERAPHIN DATE DE VALEUR 10 07 2018>> was uncategorized and was predicted as uncategorized by BI",
  "✅ -2.9€ - <<ACHAT CB BOULANGERIE OP 18.07.18 CARTE NUMERO 594>> is properly predicted as supermarket by BI",
  "✅ 15.05€ - <<INTERETS ACQUIS DECOMPTE D'INTERETS>> is properly predicted as interests by BI",
  "✅ -21.09€ - <<COTISATION TRIMESTRIELLE DE VOTRE FORMULE DE COMPTE>> is properly predicted as tax by BI",
  "✅ -24.16€ - <<ACHAT CB MONOPRIX 03.01.19 CARTE NUMERO 150>> is properly predicted as supermarket by BI",
  "✅ -14.84€ - <<ACHAT CB UBER 18.01.19 CARTE NUMERO 150>> is properly predicted as savings by BI",
  "✅ -6.3€ - <<ACHAT CB LANDEMAINE ASN 04.01.19 CARTE NUMERO 150>> is properly predicted as savings by BI",
  "✅ -10€ - <<ACHAT CB NEW AULD ALLIA 18.01.19 CARTE NUMERO 150>> is properly predicted as savings by BI",
  "✅ -6.47€ - <<ACHAT CB MONOPRIX 11.01.19 CARTE NUMERO 150>> is properly predicted as supermarket by BI",
  "✅ -9.9€ - <<ACHAT CB LANDEMAINE ASN 15.01.19 CARTE NUMERO 150>> is properly predicted as savings by BI",
  "✅ -880€ - <<VIREMENT PERMANENT POUR SCI PHOTOSTAT COMPTE FR76300030112000025713136 REFERENCE : 0226002900300617>> is properly predicted as dailyLife by BI",
  "⚠️ 3004.74€ - <<VIREMENT DE COZY CLOUD COZY-CLOUD.20181227.M48.515.2023 12/2018 SilvaS REFERENCE : 0190365800049002>> was uncategorized and was predicted as uncategorized by BI",
  "⚠️ 46.36€ - <<VIREMENT DE SG-SOCIETE GENERALE 1-15PCQSH VIRT PARTICIPATION O-101458383 REFERENCE : 0190351800070031>> was uncategorized and was predicted as uncategorized by BI",
  "✅ -1.9€ - <<ACHAT CB SM CASINO CS94 11.12.18 CARTE NUMERO 150>> is properly predicted as supermarket by BI",
  "✅ -11.26€ - <<ACHAT CB UBER 14.12.18 CARTE NUMERO 150>> is properly predicted as savings by BI",
  "✅ -11.35€ - <<ACHAT CB F2019 HEMA 11.12.18 CARTE NUMERO 150>> is properly predicted as savings by BI",
  "✅ -6€ - <<ACHAT CB FERME LEVALLOI 12.12.18 CARTE NUMERO 150>> is properly predicted as savings by BI",
  "✅ -9.9€ - <<ACHAT CB BHV RIVOLI 21.12.18 CARTE NUMERO 150>> is properly predicted as homeImprovement by BI",
  "✅ -22€ - <<ACHAT CB REST.FAUX FILE 18.12.18 CARTE NUMERO 150>> is properly predicted as savings by BI",
  "✅ -3.9€ - <<ACHAT CB LANDEMAINE ASN 10.12.18 CARTE NUMERO 150>> is properly predicted as savings by BI",
  "✅ -46.2€ - <<ACHAT CB TRAINLINE 08.12.18 EUR 46,20 CARTE NO 150>> is properly predicted as savings by BI",
  "✅ -38.99€ - <<ACHAT CB L EAU VIVE 10.12.18 CARTE NUMERO 150>> is properly predicted as savings by BI",
  "✅ -4.4€ - <<ACHAT CB LANDEMAINE ASN 27.11.18 CARTE NUMERO 150>> is properly predicted as savings by BI",
  "✅ -7.39€ - <<ACHAT CB MONOPRIX 30.11.18 CARTE NUMERO 150>> is properly predicted as supermarket by BI",
  "✅ -44.99€ - <<PRELEVEMENT DE Orange REF : 20094045875513189556713741 0 Votre abonnement mobile: 06XXXXX>> is properly predicted as telecom by BI",
  "✅ -15€ - <<ACHAT CB LEPOTCO/S-MONE 03.12.18 CARTE NUMERO 150>> is properly predicted as savings by BI",
  "✅ -13.6€ - <<ACHAT CB URBAN FOOT S 28.11.18 CARTE NUMERO 150>> is properly predicted as savings by BI",
  "✅ -35.1€ - <<ACHAT CB BISTRO BURGER 05.12.18 CARTE NUMERO 150>> is properly predicted as restaurantsAndBars by BI",
  "⚠️ 3004.74€ - <<VIREMENT DE COZY CLOUD COZY-CLOUD.20181203.M47.503.2023 11/2018 SilvaS REFERENCE : 0190337800078006>> was uncategorized and was predicted as uncategorized by BI",
  "✅ -0.98€ - <<FRAIS EMISSION DE VIREMENT PERMANENT DE REF : 0226337800037112>> is properly predicted as bankFees by BI",
  "✅ -6.7€ - <<ACHAT CB AMAZON PAYMENT 07.12.18 CARTE NUMERO 150>> is properly predicted as shoppingECommerce by BI",
  "✅ -39.99€ - <<ACHAT CB CELIO 03.12.18 CARTE NUMERO 150>> is properly predicted as dressing by BI",
  "✅ -22€ - <<ACHAT CB BAR A BULLES 20.11.18 CARTE NUMERO 150>> is properly predicted as savings by BI",
  "✅ -40€ - <<CARTE X8150 25/11/18 A 14H44 RETRAIT DAB LA BANQUE POSTALE>> is properly predicted as professionalExpenses by BI",
  "✅ -1.8€ - <<ACHAT CB FRANPRIX LP CO 26.11.18 CARTE NUMERO 150>> is properly predicted as supermarket by BI",
  "✅ -6.66€ - <<ACHAT CB MONOPRIX 16.11.18 CARTE NUMERO 150>> is properly predicted as supermarket by BI",
  "✅ -22€ - <<ACHAT CB MIAN FAN 21.11.18 CARTE NUMERO 150>> is properly predicted as savings by BI",
  "✅ -12.59€ - <<ACHAT CB ALMABIO BIOCOO 21.11.18 CARTE NUMERO 150>> is properly predicted as savings by BI",
  "✅ -5.5€ - <<ACHAT CB BAR A BULLES 20.11.18 CARTE NUMERO 150>> is properly predicted as savings by BI",
  "✅ -3.9€ - <<ACHAT CB LANDEMAINE ASN 12.11.18 CARTE NUMERO 150>> is properly predicted as savings by BI",
  "✅ -31.2€ - <<ACHAT CB LA FLOTTILLE 18.11.18 CARTE NUMERO 150>> is properly predicted as restaurantsAndBars by BI",
  "✅ -6.8€ - <<ACHAT CB LANDEMAINE ASN 13.11.18 CARTE NUMERO 150>> is properly predicted as savings by BI",
  "✅ -15.5€ - <<ACHAT CB SAJ 08.11.18 CARTE NUMERO 150>> is properly predicted as savings by BI",
  "✅ -56.45€ - <<ACHAT CB L EAU VIVE 12.11.18 CARTE NUMERO 150>> is properly predicted as savings by BI",
  "✅ -16.45€ - <<ACHAT CB ALMABIO BIOCOO 12.11.18 CARTE NUMERO 150>> is properly predicted as savings by BI",
  "✅ -13.61€ - <<ACHAT CB MONOPRIX 09.11.18 CARTE NUMERO 150>> is properly predicted as supermarket by BI",
  "✅ -106.06€ - <<PRELEVEMENT DE ELECTRICITE DE FR E REF : Z015417208295 11408 1 SI 114>> is properly predicted as power by BI",
  "✅ -14.37€ - <<ACHAT CB MONOPRIX 17.11.18 CARTE NUMERO 150>> is properly predicted as supermarket by BI",
  "✅ -4.4€ - <<ACHAT CB LANDEMAINE ASN 02.11.18 CARTE NUMERO 150>> is properly predicted as savings by BI",
  "✅ -16.15€ - <<ACHAT CB MONOPRIX 19.10.18 CARTE NUMERO 150>> is properly predicted as supermarket by BI",
  "✅ -5.71€ - <<ACHAT CB MONOPRIX 31.10.18 CARTE NUMERO 150>> is properly predicted as supermarket by BI",
  "✅ -4€ - <<ACHAT CB MICHEL ONFRAY 08.11.18 CARTE NUMERO 150>> is properly predicted as savings by BI",
  "⚠️ 3004.74€ - <<VIREMENT DE COZY CLOUD COZY-CLOUD.20181028.M46.899.2023 10/2018 SilvaS REFERENCE : 0190302800149010>> was uncategorized and was predicted as uncategorized by BI",
  "✅ -13.69€ - <<ACHAT CB MONOPRIX 29.10.18 CARTE NUMERO 150>> is properly predicted as supermarket by BI",
  "✅ -7.92€ - <<ACHAT CB SM CASINO CS94 16.10.18 CARTE NUMERO 150>> is properly predicted as supermarket by BI",
  "✅ -13.46€ - <<ACHAT CB UBER 11.10.18 CARTE NUMERO 150>> is properly predicted as savings by BI",
  "✅ -17.69€ - <<ACHAT CB MONOPRIX 1119 26.10.18 CARTE NUMERO 150>> is properly predicted as supermarket by BI",
  "✅ -18€ - <<ACHAT CB URBAN FOOT S 11.10.18 CARTE NUMERO 150>> is properly predicted as savings by BI",
  "✅ -7€ - <<ACHAT CB SUB-2 12.10.18 CARTE NUMERO 150>> is properly predicted as savings by BI",
  "✅ -29.95€ - <<PRELEVEMENT DE FITNESS PARK LEVA IS-NEUILLY REF : ID102555915.100023174 FITNESS PARK LEVALLOIS-NEUILLLY>> is properly predicted as dailyLife by BI",
  "✅ -9.9€ - <<ACHAT CB I LOVE BO BUN 05.10.18 CARTE NUMERO 150>> is properly predicted as savings by BI",
  "✅ -75.2€ - <<PRELEVEMENT DE Navigo Annuel - G COMUTITRES REF : 3/50214014033729/476214213 Navigo Annuel>> is properly predicted as publicTransportation by BI",
  "✅ -0.98€ - <<FRAIS EMISSION DE VIREMENT PERMANENT DE REF : 0226XXXXXXXX5130>> is properly predicted as bankFees by BI",
  "✅ -6.95€ - <<ACHAT CB STARBUCKS COFF 03.10.18 CARTE NUMERO 150>> is properly predicted as restaurantsAndBars by BI",
  "✅ -24.88€ - <<ACHAT CB AMAZON PAYMENT 06.10.18 CARTE NUMERO 150>> is properly predicted as shoppingECommerce by BI",
  "✅ -62.5€ - <<ACHAT CB SMILE AND PAY 30.09.18 CARTE NUMERO 150>> is properly predicted as savings by BI",
  "⚠️ 2970.57€ - <<VIREMENT DE COZY CLOUD COZY-CLOUD.20180927.M45.737.2023 09/2018 SilvaS REFERENCE : 0190271800073004>> was uncategorized and was predicted as uncategorized by BI",
  "✅ -7€ - <<ACHAT CB SUB-2 27.09.18 CARTE NUMERO 150>> is properly predicted as savings by BI",
  "✅ -3.8€ - <<ACHAT CB LANDEMAINE CRO 30.09.18 CARTE NUMERO 150>> is properly predicted as savings by BI",
  "✅ -44.99€ - <<PRELEVEMENT DE Orange REF : 20094045875569732356590345 0 Votre abonnement mobile: 06XXXXX>> is properly predicted as telecom by BI",
  "✅ -34.39€ - <<ACHAT CB ALMABIO BIOCOO 24.09.18 CARTE NUMERO 150>> is properly predicted as savings by BI",
  "✅ -9.52€ - <<ACHAT CB MONOPRIX 2362 18.09.18 CARTE NUMERO 150>> is properly predicted as supermarket by BI",
  "✅ -6.51€ - <<ACHAT CB SM CASINO CS94 11.09.18 CARTE NUMERO 594>> is properly predicted as supermarket by BI",
  "✅ -2445€ - <<PRELEVEMENT DE DDFIP DE LA HAUTE ENNE REF : 1P087000092002P19200148974 920023010357462252 111>> is properly predicted as tax by BI",
  "✅ -22.9€ - <<ACHAT CB PHARMA TRINITE 01.10.18 CARTE NUMERO 150>> is properly predicted as savings by BI",
  "⚠️ 54.9€ - <<VIREMENT DE COZY CLOUD NDF COZY REFERENCE : 0190263800022001>> was uncategorized and was predicted as uncategorized by BI",
  "✅ -30€ - <<CARTE X0594 16/09/18 A 15H07 RETRAIT DAB LA BANQUE POSTALE>> is properly predicted as professionalExpenses by BI",
  "✅ -7.49€ - <<ACHAT CB MONOPRIX 21.09.18 CARTE NUMERO 150>> is properly predicted as supermarket by BI",
  "✅ -3.5€ - <<ACHAT CB PAUL GARE 24.09.18 CARTE NUMERO 150>> is properly predicted as savings by BI",
  "✅ -27.2€ - <<ACHAT CB RELAY 341040PX 10.09.18 CARTE NUMERO 594>> is properly predicted as goingOutCulture by BI",
  "✅ -4€ - <<ACHAT CB MICHEL ONFRAY 14.09.18 CARTE NUMERO 594>> is properly predicted as savings by BI",
  "✅ -26.8€ - <<ACHAT CB LA NAUTIQUE 10.09.18 CARTE NUMERO 594>> is properly predicted as savings by BI",
  "✅ -11.08€ - <<ACHAT CB MONOPRIX 2362 13.09.18 CARTE NUMERO 594>> is properly predicted as supermarket by BI",
  "✅ -7.99€ - <<ACHAT CB CELIO 07.09.18 CARTE NUMERO 594>> is properly predicted as dressing by BI",
  "✅ -30€ - <<ACHAT CB GUILLAUME TAIL 08.09.18 CARTE NUMERO 594>> is properly predicted as savings by BI",
  "✅ -14.51€ - <<ACHAT CB ALMABIO BIOCOO 17.09.18 CARTE NUMERO 594>> is properly predicted as savings by BI",
  "✅ -9.9€ - <<ACHAT CB I LOVE BO BUN 04.09.18 CARTE NUMERO 594>> is properly predicted as savings by BI",
  "⚠️ 2997.59€ - <<VIREMENT DE COZY CLOUD COZY-CLOUD.20180830.M44.167.2023 08/2018 SilvaS REFERENCE : 0190243800189001>> was uncategorized and was predicted as uncategorized by BI",
  "✅ -4.4€ - <<ACHAT CB LANDEMAINE ASN 28.08.18 CARTE NUMERO 594>> is properly predicted as savings by BI",
  "⚠️ 75€ - <<VIREMENT DE VINCENT SUON Pour la banque de la France inso se REFERENCE : 0190240800008008>> was uncategorized and was predicted as uncategorized by BI",
  "✅ -9.74€ - <<ACHAT CB MONOPRIX 0043 31.08.18 CARTE NUMERO 594>> is properly predicted as supermarket by BI",
  "✅ -15.61€ - <<ACHAT CB ALMABIO BIOCOO 27.08.18 CARTE NUMERO 594>> is properly predicted as savings by BI",
  "✅ -13.33€ - <<ACHAT CB MONOPRIX 2362 28.08.18 CARTE NUMERO 594>> is properly predicted as supermarket by BI",
  "✅ -12.9€ - <<ACHAT CB I LOVE BO BUN 23.08.18 CARTE NUMERO 594>> is properly predicted as savings by BI",
  "✅ -5.8€ - <<ACHAT CB LANDEMAINE ASN 24.08.18 CARTE NUMERO 594>> is properly predicted as savings by BI",
  "✅ -12€ - <<ACHAT CB CATERING AYRES 15.08.18 CARTE NUMERO 594>> is properly predicted as savings by BI",
  "✅ -37.79€ - <<ACHAT CB MONOPRIX 2362 20.08.18 CARTE NUMERO 594>> is properly predicted as supermarket by BI",
  "✅ -12.87€ - <<ACHAT CB MONOPRIX 0043 10.08.18 CARTE NUMERO 594>> is properly predicted as supermarket by BI",
  "✅ -9.75€ - <<ACHAT CB STARBUCKS COFF 13.08.18 CARTE NUMERO 594>> is properly predicted as restaurantsAndBars by BI",
  "✅ -10.14€ - <<ACHAT CB ALMABIO BIOCOO 07.08.18 CARTE NUMERO 594>> is properly predicted as savings by BI",
  "✅ -11€ - <<ACHAT CB BUN S CO 09.08.18 CARTE NUMERO 594>> is properly predicted as savings by BI",
  "✅ -75.2€ - <<PRELEVEMENT DE Navigo Annuel - G COMUTITRES REF : 3/50214014033729/468204455 Navigo Annuel>> is properly predicted as publicTransportation by BI",
  "✅ -12.8€ - <<ACHAT CB LES SAVOYARDS 07.08.18 CARTE NUMERO 594>> is properly predicted as savings by BI",
  "✅ -880€ - <<VIREMENT PERMANENT POUR SCI PHOTOSTAT COMPTE FR76300030112000025713136 REFERENCE : 0226213800200520>> is properly predicted as dailyLife by BI",
  "✅ 5.99€ - <<CREDIT CARTE BANCAIRE AMAZON.FR/PREM 31.07.18 CARTE NUMERO 594>> is properly predicted as additionalIncome by BI",
  "✅ -4€ - <<ACHAT CB MICHEL ONFRAY 30.07.18 CARTE NUMERO 594>> is properly predicted as savings by BI",
  "✅ 40€ - <<CREDIT CARTE BANCAIRE CASHLESS WEEZ 31.07.18 CARTE NUMERO 594>> is properly predicted as additionalIncome by BI",
  "✅ -162€ - <<ACHAT CB CASA COSA 26.07.18 CARTE NUMERO 594>> is properly predicted as savings by BI",
  "✅ -1.35€ - <<ACHAT CB BOULANGERIE OP 24.07.18 CARTE NUMERO 594>> is properly predicted as supermarket by BI",
  "⚠️ 357.7€ - <<VIREMENT DE MR SILVA SERAPHIN DATE DE VALEUR 10 07 2018>> was uncategorized and was predicted as uncategorized by BI",
  "✅ -12.97€ - <<ACHAT CB MONOPRIX 2362 19.07.18 CARTE NUMERO 594>> is properly predicted as supermarket by BI",
]
`;

exports[`Chain of predictions should correctly predict transactions of fortuneo 1`] = `
Array [
  "✅ -286.85€ - <<RENT AND DROP CHAMPAGNE AU M>> is properly predicted as vehiculeLoan by BI",
]
`;
